Component: ARM Compiler 5.05 update 2 (build 169) Tool: armlink [4d0f33]

==============================================================================

Section Cross References

    bsp_sccb.o(i.SCCB_Ack) refers to stm32f10x_gpio.o(i.GPIO_ResetBits) for GPIO_ResetBits
    bsp_sccb.o(i.SCCB_Ack) refers to bsp_sccb.o(i.SCCB_delay) for SCCB_delay
    bsp_sccb.o(i.SCCB_Ack) refers to stm32f10x_gpio.o(i.GPIO_SetBits) for GPIO_SetBits
    bsp_sccb.o(i.SCCB_GPIO_Config) refers to stm32f10x_rcc.o(i.RCC_APB2PeriphClockCmd) for RCC_APB2PeriphClockCmd
    bsp_sccb.o(i.SCCB_GPIO_Config) refers to stm32f10x_gpio.o(i.GPIO_Init) for GPIO_Init
    bsp_sccb.o(i.SCCB_NoAck) refers to stm32f10x_gpio.o(i.GPIO_ResetBits) for GPIO_ResetBits
    bsp_sccb.o(i.SCCB_NoAck) refers to bsp_sccb.o(i.SCCB_delay) for SCCB_delay
    bsp_sccb.o(i.SCCB_NoAck) refers to stm32f10x_gpio.o(i.GPIO_SetBits) for GPIO_SetBits
    bsp_sccb.o(i.SCCB_ReadByte) refers to bsp_sccb.o(i.SCCB_Start) for SCCB_Start
    bsp_sccb.o(i.SCCB_ReadByte) refers to bsp_sccb.o(i.SCCB_SendByte) for SCCB_SendByte
    bsp_sccb.o(i.SCCB_ReadByte) refers to bsp_sccb.o(i.SCCB_WaitAck) for SCCB_WaitAck
    bsp_sccb.o(i.SCCB_ReadByte) refers to bsp_sccb.o(i.SCCB_Stop) for SCCB_Stop
    bsp_sccb.o(i.SCCB_ReadByte) refers to bsp_sccb.o(i.SCCB_ReceiveByte) for SCCB_ReceiveByte
    bsp_sccb.o(i.SCCB_ReadByte) refers to bsp_sccb.o(i.SCCB_NoAck) for SCCB_NoAck
    bsp_sccb.o(i.SCCB_ReadByte) refers to bsp_sccb.o(i.SCCB_Ack) for SCCB_Ack
    bsp_sccb.o(i.SCCB_ReceiveByte) refers to stm32f10x_gpio.o(i.GPIO_SetBits) for GPIO_SetBits
    bsp_sccb.o(i.SCCB_ReceiveByte) refers to stm32f10x_gpio.o(i.GPIO_ResetBits) for GPIO_ResetBits
    bsp_sccb.o(i.SCCB_ReceiveByte) refers to bsp_sccb.o(i.SCCB_delay) for SCCB_delay
    bsp_sccb.o(i.SCCB_ReceiveByte) refers to stm32f10x_gpio.o(i.GPIO_ReadInputDataBit) for GPIO_ReadInputDataBit
    bsp_sccb.o(i.SCCB_SendByte) refers to stm32f10x_gpio.o(i.GPIO_ResetBits) for GPIO_ResetBits
    bsp_sccb.o(i.SCCB_SendByte) refers to bsp_sccb.o(i.SCCB_delay) for SCCB_delay
    bsp_sccb.o(i.SCCB_SendByte) refers to stm32f10x_gpio.o(i.GPIO_SetBits) for GPIO_SetBits
    bsp_sccb.o(i.SCCB_Start) refers to stm32f10x_gpio.o(i.GPIO_SetBits) for GPIO_SetBits
    bsp_sccb.o(i.SCCB_Start) refers to bsp_sccb.o(i.SCCB_delay) for SCCB_delay
    bsp_sccb.o(i.SCCB_Start) refers to stm32f10x_gpio.o(i.GPIO_ReadInputDataBit) for GPIO_ReadInputDataBit
    bsp_sccb.o(i.SCCB_Start) refers to stm32f10x_gpio.o(i.GPIO_ResetBits) for GPIO_ResetBits
    bsp_sccb.o(i.SCCB_Stop) refers to stm32f10x_gpio.o(i.GPIO_ResetBits) for GPIO_ResetBits
    bsp_sccb.o(i.SCCB_Stop) refers to bsp_sccb.o(i.SCCB_delay) for SCCB_delay
    bsp_sccb.o(i.SCCB_Stop) refers to stm32f10x_gpio.o(i.GPIO_SetBits) for GPIO_SetBits
    bsp_sccb.o(i.SCCB_WaitAck) refers to stm32f10x_gpio.o(i.GPIO_ResetBits) for GPIO_ResetBits
    bsp_sccb.o(i.SCCB_WaitAck) refers to bsp_sccb.o(i.SCCB_delay) for SCCB_delay
    bsp_sccb.o(i.SCCB_WaitAck) refers to stm32f10x_gpio.o(i.GPIO_SetBits) for GPIO_SetBits
    bsp_sccb.o(i.SCCB_WaitAck) refers to stm32f10x_gpio.o(i.GPIO_ReadInputDataBit) for GPIO_ReadInputDataBit
    bsp_sccb.o(i.SCCB_WriteByte) refers to bsp_sccb.o(i.SCCB_Start) for SCCB_Start
    bsp_sccb.o(i.SCCB_WriteByte) refers to bsp_sccb.o(i.SCCB_SendByte) for SCCB_SendByte
    bsp_sccb.o(i.SCCB_WriteByte) refers to bsp_sccb.o(i.SCCB_WaitAck) for SCCB_WaitAck
    bsp_sccb.o(i.SCCB_WriteByte) refers to bsp_sccb.o(i.SCCB_Stop) for SCCB_Stop
    bsp_ov7725.o(i.Dispaly_H) refers to bsp_ili9341_lcd.o(i.LCD_DisNum) for LCD_DisNum
    bsp_ov7725.o(i.Dispaly_H) refers to bsp_ili9341_lcd.o(i.LCD_DisColor) for LCD_DisColor
    bsp_ov7725.o(i.Dispaly_H) refers to bsp_ili9341_lcd.o(i.LCD_DispChar) for LCD_DispChar
    bsp_ov7725.o(i.Dispaly_H) refers to bsp_ov7725.o(.bss) for hsl_l
    bsp_ov7725.o(i.Dispaly_H) refers to bsp_ov7725.o(.data) for page
    bsp_ov7725.o(i.EXTI0_IRQHandler) refers to stm32f10x_exti.o(i.EXTI_GetITStatus) for EXTI_GetITStatus
    bsp_ov7725.o(i.EXTI0_IRQHandler) refers to stm32f10x_exti.o(i.EXTI_ClearITPendingBit) for EXTI_ClearITPendingBit
    bsp_ov7725.o(i.EXTI0_IRQHandler) refers to bsp_ov7725.o(.data) for Ov7725_vsync
    bsp_ov7725.o(i.EXTI15_10_IRQHandler) refers to stm32f10x_exti.o(i.EXTI_GetITStatus) for EXTI_GetITStatus
    bsp_ov7725.o(i.EXTI15_10_IRQHandler) refers to stm32f10x_exti.o(i.EXTI_ClearITPendingBit) for EXTI_ClearITPendingBit
    bsp_ov7725.o(i.EXTI15_10_IRQHandler) refers to bsp_ov7725.o(.data) for n
    bsp_ov7725.o(i.EXTI_PC13_Config) refers to stm32f10x_exti.o(i.EXTI_Init) for EXTI_Init
    bsp_ov7725.o(i.FIFO_GPIO_Config) refers to stm32f10x_rcc.o(i.RCC_APB2PeriphClockCmd) for RCC_APB2PeriphClockCmd
    bsp_ov7725.o(i.FIFO_GPIO_Config) refers to stm32f10x_gpio.o(i.GPIO_Init) for GPIO_Init
    bsp_ov7725.o(i.FIFO_GPIO_Config) refers to stm32f10x_gpio.o(i.GPIO_EXTILineConfig) for GPIO_EXTILineConfig
[...]
    stm32f10x_flash.o(i.FLASH_EraseAllBank1Pages) refers to stm32f10x_flash.o(i.FLASH_WaitForLastBank1Operation) for FLASH_WaitForLastBank1Operation
    stm32f10x_flash.o(i.FLASH_EraseAllPages) refers to stm32f10x_flash.o(i.FLASH_WaitForLastOperation) for FLASH_WaitForLastOperation
    stm32f10x_flash.o(i.FLASH_EraseOptionBytes) refers to stm32f10x_flash.o(i.FLASH_GetReadOutProtectionStatus) for FLASH_GetReadOutProtectionStatus
    stm32f10x_flash.o(i.FLASH_EraseOptionBytes) refers to stm32f10x_flash.o(i.FLASH_WaitForLastOperation) for FLASH_WaitForLastOperation
    stm32f10x_flash.o(i.FLASH_ErasePage) refers to stm32f10x_flash.o(i.FLASH_WaitForLastOperation) for FLASH_WaitForLastOperation
    stm32f10x_flash.o(i.FLASH_ProgramHalfWord) refers to stm32f10x_flash.o(i.FLASH_WaitForLastOperation) for FLASH_WaitForLastOperation
    stm32f10x_flash.o(i.FLASH_ProgramOptionByteData) refers to stm32f10x_flash.o(i.FLASH_WaitForLastOperation) for FLASH_WaitForLastOperation
    stm32f10x_flash.o(i.FLASH_ProgramWord) refers to stm32f10x_flash.o(i.FLASH_WaitForLastOperation) for FLASH_WaitForLastOperation
    stm32f10x_flash.o(i.FLASH_ReadOutProtection) refers to stm32f10x_flash.o(i.FLASH_WaitForLastOperation) for FLASH_WaitForLastOperation
    stm32f10x_flash.o(i.FLASH_UserOptionByteConfig) refers to stm32f10x_flash.o(i.FLASH_WaitForLastOperation) for FLASH_WaitForLastOperation
    stm32f10x_flash.o(i.FLASH_WaitForLastBank1Operation) refers to stm32f10x_flash.o(i.FLASH_GetBank1Status) for FLASH_GetBank1Status
    stm32f10x_flash.o(i.FLASH_WaitForLastOperation) refers to stm32f10x_flash.o(i.FLASH_GetBank1Status) for FLASH_GetBank1Status
    stm32f10x_gpio.o(i.GPIO_AFIODeInit) refers to stm32f10x_rcc.o(i.RCC_APB2PeriphResetCmd) for RCC_APB2PeriphResetCmd
    stm32f10x_gpio.o(i.GPIO_DeInit) refers to stm32f10x_rcc.o(i.RCC_APB2PeriphResetCmd) for RCC_APB2PeriphResetCmd
    stm32f10x_rcc.o(i.RCC_GetClocksFreq) refers to stm32f10x_rcc.o(.data) for APBAHBPrescTable
    stm32f10x_rcc.o(i.RCC_WaitForHSEStartUp) refers to stm32f10x_rcc.o(i.RCC_GetFlagStatus) for RCC_GetFlagStatus
    stm32f10x_tim.o(i.TIM_DeInit) refers to stm32f10x_rcc.o(i.RCC_APB2PeriphResetCmd) for RCC_APB2PeriphResetCmd
    stm32f10x_tim.o(i.TIM_DeInit) refers to stm32f10x_rcc.o(i.RCC_APB1PeriphResetCmd) for RCC_APB1PeriphResetCmd
    stm32f10x_tim.o(i.TIM_ETRClockMode1Config) refers to stm32f10x_tim.o(i.TIM_ETRConfig) for TIM_ETRConfig
    stm32f10x_tim.o(i.TIM_ETRClockMode2Config) refers to stm32f10x_tim.o(i.TIM_ETRConfig) for TIM_ETRConfig
    stm32f10x_tim.o(i.TIM_ICInit) refers to stm32f10x_tim.o(i.TI1_Config) for TI1_Config
    stm32f10x_tim.o(i.TIM_ICInit) refers to stm32f10x_tim.o(i.TIM_SetIC1Prescaler) for TIM_SetIC1Prescaler
    stm32f10x_tim.o(i.TIM_ICInit) refers to stm32f10x_tim.o(i.TI2_Config) for TI2_Config
    stm32f10x_tim.o(i.TIM_ICInit) refers to stm32f10x_tim.o(i.TIM_SetIC2Prescaler) for TIM_SetIC2Prescaler
    stm32f10x_tim.o(i.TIM_ICInit) refers to stm32f10x_tim.o(i.TI3_Config) for TI3_Config
    stm32f10x_tim.o(i.TIM_ICInit) refers to stm32f10x_tim.o(i.TIM_SetIC3Prescaler) for TIM_SetIC3Prescaler
    stm32f10x_tim.o(i.TIM_ICInit) refers to stm32f10x_tim.o(i.TI4_Config) for TI4_Config
    stm32f10x_tim.o(i.TIM_ICInit) refers to stm32f10x_tim.o(i.TIM_SetIC4Prescaler) for TIM_SetIC4Prescaler
    stm32f10x_tim.o(i.TIM_ITRxExternalClockConfig) refers to stm32f10x_tim.o(i.TIM_SelectInputTrigger) for TIM_SelectInputTrigger
    stm32f10x_tim.o(i.TIM_PWMIConfig) refers to stm32f10x_tim.o(i.TI1_Config) for TI1_Config
    stm32f10x_tim.o(i.TIM_PWMIConfig) refers to stm32f10x_tim.o(i.TIM_SetIC1Prescaler) for TIM_SetIC1Prescaler
    stm32f10x_tim.o(i.TIM_PWMIConfig) refers to stm32f10x_tim.o(i.TI2_Config) for TI2_Config
    stm32f10x_tim.o(i.TIM_PWMIConfig) refers to stm32f10x_tim.o(i.TIM_SetIC2Prescaler) for TIM_SetIC2Prescaler
    stm32f10x_tim.o(i.TIM_TIxExternalClockConfig) refers to stm32f10x_tim.o(i.TI2_Config) for TI2_Config
    stm32f10x_tim.o(i.TIM_TIxExternalClockConfig) refers to stm32f10x_tim.o(i.TI1_Config) for TI1_Config
    stm32f10x_tim.o(i.TIM_TIxExternalClockConfig) refers to stm32f10x_tim.o(i.TIM_SelectInputTrigger) for TIM_SelectInputTrigger
    stm32f10x_usart.o(i.USART_DeInit) refers to stm32f10x_rcc.o(i.RCC_APB2PeriphResetCmd) for RCC_APB2PeriphResetCmd
    stm32f10x_usart.o(i.USART_DeInit) refers to stm32f10x_rcc.o(i.RCC_APB1PeriphResetCmd) for RCC_APB1PeriphResetCmd
    stm32f10x_usart.o(i.USART_Init) refers to stm32f10x_rcc.o(i.RCC_GetClocksFreq) for RCC_GetClocksFreq
    startup_stm32f10x_hd.o(RESET) refers to startup_stm32f10x_hd.o(STACK) for __initial_sp
    startup_stm32f10x_hd.o(RESET) refers to startup_stm32f10x_hd.o(.text) for Reset_Handler
    startup_stm32f10x_hd.o(RESET) refers to bsp_ov7725.o(i.EXTI0_IRQHandler) for EXTI0_IRQHandler
    startup_stm32f10x_hd.o(RESET) refers to bsp_timbase.o(i.TIM2_IRQHandler) for TIM2_IRQHandler
    startup_stm32f10x_hd.o(RESET) refers to bsp_ov7725.o(i.EXTI15_10_IRQHandler) for EXTI15_10_IRQHandler
    startup_stm32f10x_hd.o(.text) refers to system_stm32f10x.o(i.SystemInit) for SystemInit
    startup_stm32f10x_hd.o(.text) refers to entry.o(.ARM.Collect$$$$00000000) for __main
    system_stm32f10x.o(i.SetSysClock) refers to system_stm32f10x.o(i.SetSysClockTo72) for SetSysClockTo72
    system_stm32f10x.o(i.SystemCoreClockUpdate) refers to system_stm32f10x.o(.data) for SystemCoreClock
    system_stm32f10x.o(i.SystemInit) refers to system_stm32f10x.o(i.SetSysClock) for SetSysClock
    entry.o(.ARM.Collect$$$$00000000) refers (Special) to entry10a.o(.ARM.Collect$$$$0000000D) for __rt_final_cpp
    entry.o(.ARM.Collect$$$$00000000) refers (Special) to entry11a.o(.ARM.Collect$$$$0000000F) for __rt_final_exit
    entry.o(.ARM.Collect$$$$00000000) refers (Special) to entry7b.o(.ARM.Collect$$$$00000008) for _main_clock
    entry.o(.ARM.Collect$$$$00000000) refers (Special) to entry8b.o(.ARM.Collect$$$$0000000A) for _main_cpp_init
    entry.o(.ARM.Collect$$$$00000000) refers (Special) to entry9a.o(.ARM.Collect$$$$0000000B) for _main_init
    entry.o(.ARM.Collect$$$$00000000) refers (Special) to entry5.o(.ARM.Collect$$$$00000004) for _main_scatterload
    entry.o(.ARM.Collect$$$$00000000) refers (Special) to entry2.o(.ARM.Collect$$$$00000001) for _main_stk
    malloc.o(i.free) refers to mvars.o(.data) for __microlib_freelist
    malloc.o(i.malloc) refers to mvars.o(.data) for __microlib_freelist_initialised
    malloc.o(i.malloc) refers to mvars.o(.data) for __microlib_freelist
    malloc.o(i.malloc) refers to startup_stm32f10x_hd.o(HEAP) for __heap_base
    mallocr.o(i.__free$realloc) refers to mvars.o(.data) for __microlib_freelist
    mallocr.o(i.__malloc$realloc) refers to mallocr.o(i.internal_alloc) for internal_alloc
    mallocr.o(i.__malloc$realloc) refers to mvars.o(.data) for __microlib_freelist_initialised
    mallocr.o(i.__malloc$realloc) refers to startup_stm32f10x_hd.o(HEAP) for __heap_base
    mallocr.o(i.__malloc$realloc) refers to mvars.o(.data) for __microlib_freelist
    mallocr.o(i.internal_alloc) refers to memcpya.o(.text) for __aeabi_memcpy
    mallocr.o(i.internal_alloc) refers to mvars.o(.data) for __microlib_freelist
    mallocr.o(i.realloc) refers to mallocr.o(i.__free$realloc) for __free$realloc
    mallocr.o(i.realloc) refers to mallocr.o(i.internal_alloc) for internal_alloc
    mallocr.o(i.realloc) refers to mallocr.o(i.__malloc$realloc) for __malloc$realloc
    mallocr.o(i.realloc) refers to mvars.o(.data) for __microlib_freelist
    malloca.o(i.__aligned_malloc) refers to mvars.o(.data) for __microlib_freelist_initialised
    malloca.o(i.__aligned_malloc) refers to mvars.o(.data) for __microlib_freelist
    malloca.o(i.__aligned_malloc) refers to startup_stm32f10x_hd.o(HEAP) for __heap_base
    malloca.o(i.__free$memalign) refers to mvars.o(.data) for __microlib_freelist
    malloca.o(i.__malloc$memalign) refers to malloca.o(i.__aligned_malloc) for __aligned_malloc
    mallocra.o(i.__aligned_malloc$realloc) refers to mallocra.o(i.internal_alloc) for internal_alloc
    mallocra.o(i.__aligned_malloc$realloc) refers to mvars.o(.data) for __microlib_freelist_initialised
    mallocra.o(i.__aligned_malloc$realloc) refers to startup_stm32f10x_hd.o(HEAP) for __heap_base
    mallocra.o(i.__aligned_malloc$realloc) refers to mvars.o(.data) for __microlib_freelist
    mallocra.o(i.__free$realloc$memalign) refers to mvars.o(.data) for __microlib_freelist
    mallocra.o(i.__malloc$realloc$memalign) refers to mallocra.o(i.__aligned_malloc$realloc) for __aligned_malloc$realloc
    mallocra.o(i.__realloc$memalign) refers to mallocra.o(i.__free$realloc$memalign) for __free$realloc$memalign
    mallocra.o(i.__realloc$memalign) refers to mallocra.o(i.internal_alloc) for internal_alloc
    mallocra.o(i.__realloc$memalign) refers to mallocra.o(i.__malloc$realloc$memalign) for __malloc$realloc$memalign
    mallocra.o(i.__realloc$memalign) refers to mvars.o(.data) for __microlib_freelist
    mallocra.o(i.internal_alloc) refers to memcpya.o(.text) for __aeabi_memcpy
    mallocra.o(i.internal_alloc) refers to mvars.o(.data) for __microlib_freelist
    fmul.o(.text) refers (Special) to iusefp.o(.text) for __I$use$fp
    fdiv.o(.text) refers (Special) to iusefp.o(.text) for __I$use$fp
    fdiv.o(.text) refers to fepilogue.o(.text) for _float_round
    ffltui.o(.text) refers (Special) to iusefp.o(.text) for __I$use$fp
    ffltui.o(.text) refers to fepilogue.o(.text) for _float_epilogue
    ffixui.o(.text) refers (Special) to iusefp.o(.text) for __I$use$fp
    entry2.o(.ARM.Collect$$$$00000001) refers to entry2.o(.ARM.Collect$$$$00002712) for __lit__00000000
    entry2.o(.ARM.Collect$$$$00002712) refers to startup_stm32f10x_hd.o(STACK) for __initial_sp
    entry2.o(__vectab_stack_and_reset_area) refers to startup_stm32f10x_hd.o(STACK) for __initial_sp
    entry2.o(__vectab_stack_and_reset_area) refers to entry.o(.ARM.Collect$$$$00000000) for __main
    entry5.o(.ARM.Collect$$$$00000004) refers to init.o(.text) for __scatterload
    entry9a.o(.ARM.Collect$$$$0000000B) refers to main.o(i.main) for main
    entry9b.o(.ARM.Collect$$$$0000000C) refers to main.o(i.main) for main
    init.o(.text) refers to entry5.o(.ARM.Collect$$$$00000004) for __main_after_scatterload


==============================================================================

Removing Unused input sections from the image.

    Removing bsp_sccb.o(.rev16_text), (4 bytes).
    Removing bsp_sccb.o(.revsh_text), (4 bytes).
    Removing bsp_sccb.o(.rrx_text), (6 bytes).
    Removing bsp_ov7725.o(.rev16_text), (4 bytes).
    Removing bsp_ov7725.o(.revsh_text), (4 bytes).
    Removing bsp_ov7725.o(.rrx_text), (6 bytes).
    Removing bsp_ili9341_lcd.o(.rev16_text), (4 bytes).
    Removing bsp_ili9341_lcd.o(.revsh_text), (4 bytes).
    Removing bsp_ili9341_lcd.o(.rrx_text), (6 bytes).
    Removing bsp_ili9341_lcd.o(i.LCD_Clear), (108 bytes).
    Removing bsp_ili9341_lcd.o(i.LCD_DispStr), (60 bytes).
    Removing bsp_ili9341_lcd.o(i.LCD_GetPoint), (32 bytes).
    Removing bsp_ili9341_lcd.o(i.LCD_RD_data), (40 bytes).
    Removing bsp_ili9341_lcd.o(i.LCD_SetCursor), (56 bytes).
    Removing bsp_ili9341_lcd.o(i.LCD_SetPoint), (32 bytes).
    Removing color.o(.rev16_text), (4 bytes).
    Removing color.o(.revsh_text), (4 bytes).
    Removing color.o(.rrx_text), (6 bytes).
    Removing color.o(i.RGBCompare), (264 bytes).
    Removing bsp_timbase.o(.rev16_text), (4 bytes).
    Removing bsp_timbase.o(.revsh_text), (4 bytes).
    Removing bsp_timbase.o(.rrx_text), (6 bytes).
    Removing bsp_timbase.o(i.TIM2_Configuration), (80 bytes).
    Removing bsp_timbase.o(i.TIM2_NVIC_Configuration), (34 bytes).
    Removing bsp_timbase.o(.data), (5 bytes).
    Removing main.o(.rev16_text), (4 bytes).
    Removing main.o(.revsh_text), (4 bytes).
    Removing main.o(.rrx_text), (6 bytes).
    Removing rubik.o(.rev16_text), (4 bytes).
    Removing rubik.o(.revsh_text), (4 bytes).
    Removing rubik.o(.rrx_text), (6 bytes).
    Removing control.o(.rev16_text), (4 bytes).
    Removing control.o(.revsh_text), (4 bytes).
    Removing control.o(.rrx_text), (6 bytes).
    Removing control.o(i.Baud_Config), (192 bytes).
    Removing control.o(i.ChangeID), (96 bytes).
    Removing control.o(i.DianJi), (112 bytes).
    Removing control.o(i.DuoJi), (112 bytes).
    Removing control.o(i.Dynamo_Config), (232 bytes).
    Removing control.o(i.Reset_Config), (84 bytes).
    Removing control.o(i.speedtest), (124 bytes).
    Removing mofang.o(.rev16_text), (4 bytes).
    Removing mofang.o(.revsh_text), (4 bytes).
    Removing mofang.o(.rrx_text), (6 bytes).
    Removing mofang.o(i.B), (260 bytes).
    Removing mofang.o(i.D), (44 bytes).
    Removing mofang.o(i.L), (180 bytes).
    Removing mofang.o(i.R), (64 bytes).
    Removing mofang.o(i.Retn), (344 bytes).
    Removing mofang.o(i.U), (100 bytes).
    Removing usart1.o(.rev16_text), (4 bytes).
    Removing usart1.o(.revsh_text), (4 bytes).
    Removing usart1.o(.rrx_text), (6 bytes).
    Removing misc.o(.rev16_text), (4 bytes).
    Removing misc.o(.revsh_text), (4 bytes).
    Removing misc.o(.rrx_text), (6 bytes).
    Removing misc.o(i.NVIC_SetVectorTable), (20 bytes).
    Removing misc.o(i.NVIC_SystemLPConfig), (32 bytes).
    Removing misc.o(i.SysTick_CLKSourceConfig), (40 bytes).
    Removing stm32f10x_dma.o(.rev16_text), (4 bytes).
    Removing stm32f10x_dma.o(.revsh_text), (4 bytes).
    Removing stm32f10x_dma.o(.rrx_text), (6 bytes).
    Removing stm32f10x_dma.o(i.DMA_ClearFlag), (28 bytes).
    Removing stm32f10x_dma.o(i.DMA_ClearITPendingBit), (28 bytes).
    Removing stm32f10x_dma.o(i.DMA_Cmd), (24 bytes).
    Removing stm32f10x_dma.o(i.DMA_DeInit), (332 bytes).
    Removing stm32f10x_dma.o(i.DMA_GetCurrDataCounter), (8 bytes).
    Removing stm32f10x_dma.o(i.DMA_GetFlagStatus), (44 bytes).
    Removing stm32f10x_dma.o(i.DMA_GetITStatus), (44 bytes).
    Removing stm32f10x_dma.o(i.DMA_ITConfig), (18 bytes).
    Removing stm32f10x_dma.o(i.DMA_Init), (60 bytes).
    Removing stm32f10x_dma.o(i.DMA_SetCurrDataCounter), (4 bytes).
    Removing stm32f10x_dma.o(i.DMA_StructInit), (26 bytes).
    Removing stm32f10x_exti.o(.rev16_text), (4 bytes).
    Removing stm32f10x_exti.o(.revsh_text), (4 bytes).
    Removing stm32f10x_exti.o(.rrx_text), (6 bytes).
    Removing stm32f10x_exti.o(i.EXTI_ClearFlag), (12 bytes).
    Removing stm32f10x_exti.o(i.EXTI_DeInit), (36 bytes).
    Removing stm32f10x_exti.o(i.EXTI_GetFlagStatus), (24 bytes).
    Removing stm32f10x_exti.o(i.EXTI_StructInit), (16 bytes).
    Removing stm32f10x_flash.o(.rev16_text), (4 bytes).
    Removing stm32f10x_flash.o(.revsh_text), (4 bytes).
    Removing stm32f10x_flash.o(.rrx_text), (6 bytes).
    Removing stm32f10x_flash.o(i.FLASH_ClearFlag), (12 bytes).
    Removing stm32f10x_flash.o(i.FLASH_EnableWriteProtection), (196 bytes).
    Removing stm32f10x_flash.o(i.FLASH_EraseAllBank1Pages), (72 bytes).
    Removing stm32f10x_flash.o(i.FLASH_EraseAllPages), (72 bytes).
    Removing stm32f10x_flash.o(i.FLASH_EraseOptionBytes), (168 bytes).
    Removing stm32f10x_flash.o(i.FLASH_ErasePage), (76 bytes).
    Removing stm32f10x_flash.o(i.FLASH_GetBank1Status), (52 bytes).
    Removing stm32f10x_flash.o(i.FLASH_GetFlagStatus), (48 bytes).
    Removing stm32f10x_flash.o(i.FLASH_GetPrefetchBufferStatus), (24 bytes).
    Removing stm32f10x_flash.o(i.FLASH_GetReadOutProtectionStatus), (24 bytes).
    Removing stm32f10x_flash.o(i.FLASH_GetStatus), (52 bytes).
    Removing stm32f10x_flash.o(i.FLASH_GetUserOptionByte), (12 bytes).
    Removing stm32f10x_flash.o(i.FLASH_GetWriteProtectionOptionByte), (12 bytes).
    Removing stm32f10x_flash.o(i.FLASH_HalfCycleAccessCmd), (28 bytes).
    Removing stm32f10x_flash.o(i.FLASH_ITConfig), (32 bytes).
    Removing stm32f10x_flash.o(i.FLASH_Lock), (20 bytes).
    Removing stm32f10x_flash.o(i.FLASH_LockBank1), (20 bytes).
    Removing stm32f10x_flash.o(i.FLASH_PrefetchBufferCmd), (28 bytes).
    Removing stm32f10x_flash.o(i.FLASH_ProgramHalfWord), (64 bytes).
    Removing stm32f10x_flash.o(i.FLASH_ProgramOptionByteData), (84 bytes).
    Removing stm32f10x_flash.o(i.FLASH_ProgramWord), (108 bytes).
    Removing stm32f10x_flash.o(i.FLASH_ReadOutProtection), (172 bytes).
    Removing stm32f10x_flash.o(i.FLASH_SetLatency), (24 bytes).
    Removing stm32f10x_flash.o(i.FLASH_Unlock), (24 bytes).
    Removing stm32f10x_flash.o(i.FLASH_UnlockBank1), (24 bytes).
    Removing stm32f10x_flash.o(i.FLASH_UserOptionByteConfig), (104 bytes).
    Removing stm32f10x_flash.o(i.FLASH_WaitForLastBank1Operation), (38 bytes).
    Removing stm32f10x_flash.o(i.FLASH_WaitForLastOperation), (38 bytes).
    Removing stm32f10x_fsmc.o(.rev16_text), (4 bytes).
    Removing stm32f10x_fsmc.o(.revsh_text), (4 bytes).
    Removing stm32f10x_fsmc.o(.rrx_text), (6 bytes).
    Removing stm32f10x_fsmc.o(i.FSMC_ClearFlag), (64 bytes).
    Removing stm32f10x_fsmc.o(i.FSMC_ClearITPendingBit), (72 bytes).
    Removing stm32f10x_fsmc.o(i.FSMC_GetECC), (28 bytes).
    Removing stm32f10x_fsmc.o(i.FSMC_GetFlagStatus), (56 bytes).
    Removing stm32f10x_fsmc.o(i.FSMC_GetITStatus), (68 bytes).
    Removing stm32f10x_fsmc.o(i.FSMC_ITConfig), (128 bytes).
    Removing stm32f10x_fsmc.o(i.FSMC_NANDCmd), (92 bytes).
    Removing stm32f10x_fsmc.o(i.FSMC_NANDDeInit), (68 bytes).
    Removing stm32f10x_fsmc.o(i.FSMC_NANDECCCmd), (92 bytes).
    Removing stm32f10x_fsmc.o(i.FSMC_NANDInit), (136 bytes).
    Removing stm32f10x_fsmc.o(i.FSMC_NANDStructInit), (54 bytes).
    Removing stm32f10x_fsmc.o(i.FSMC_NORSRAMDeInit), (54 bytes).
    Removing stm32f10x_fsmc.o(i.FSMC_NORSRAMStructInit), (114 bytes).
    Removing stm32f10x_fsmc.o(i.FSMC_PCCARDCmd), (48 bytes).
    Removing stm32f10x_fsmc.o(i.FSMC_PCCARDDeInit), (40 bytes).
    Removing stm32f10x_fsmc.o(i.FSMC_PCCARDInit), (132 bytes).
    Removing stm32f10x_fsmc.o(i.FSMC_PCCARDStructInit), (60 bytes).
    Removing stm32f10x_gpio.o(.rev16_text), (4 bytes).
    Removing stm32f10x_gpio.o(.revsh_text), (4 bytes).
    Removing stm32f10x_gpio.o(.rrx_text), (6 bytes).
    Removing stm32f10x_gpio.o(i.GPIO_AFIODeInit), (20 bytes).
    Removing stm32f10x_gpio.o(i.GPIO_DeInit), (200 bytes).
    Removing stm32f10x_gpio.o(i.GPIO_ETH_MediaInterfaceConfig), (12 bytes).
    Removing stm32f10x_gpio.o(i.GPIO_EventOutputCmd), (12 bytes).
    Removing stm32f10x_gpio.o(i.GPIO_EventOutputConfig), (32 bytes).
    Removing stm32f10x_gpio.o(i.GPIO_PinLockConfig), (18 bytes).
    Removing stm32f10x_gpio.o(i.GPIO_PinRemapConfig), (144 bytes).
    Removing stm32f10x_gpio.o(i.GPIO_ReadInputData), (8 bytes).
    Removing stm32f10x_gpio.o(i.GPIO_ReadOutputData), (8 bytes).
    Removing stm32f10x_gpio.o(i.GPIO_ReadOutputDataBit), (18 bytes).
    Removing stm32f10x_gpio.o(i.GPIO_StructInit), (16 bytes).
    Removing stm32f10x_gpio.o(i.GPIO_Write), (4 bytes).
    Removing stm32f10x_gpio.o(i.GPIO_WriteBit), (10 bytes).
    Removing stm32f10x_rcc.o(.rev16_text), (4 bytes).
    Removing stm32f10x_rcc.o(.revsh_text), (4 bytes).
    Removing stm32f10x_rcc.o(.rrx_text), (6 bytes).
    Removing stm32f10x_rcc.o(i.RCC_ADCCLKConfig), (24 bytes).
    Removing stm32f10x_rcc.o(i.RCC_APB1PeriphClockCmd), (32 bytes).
    Removing stm32f10x_rcc.o(i.RCC_APB1PeriphResetCmd), (32 bytes).
    Removing stm32f10x_rcc.o(i.RCC_APB2PeriphResetCmd), (32 bytes).
    Removing stm32f10x_rcc.o(i.RCC_AdjustHSICalibrationValue), (24 bytes).
    Removing stm32f10x_rcc.o(i.RCC_BackupResetCmd), (12 bytes).
    Removing stm32f10x_rcc.o(i.RCC_ClearFlag), (20 bytes).
    Removing stm32f10x_rcc.o(i.RCC_ClearITPendingBit), (12 bytes).
    Removing stm32f10x_rcc.o(i.RCC_ClockSecuritySystemCmd), (12 bytes).
    Removing stm32f10x_rcc.o(i.RCC_DeInit), (76 bytes).
    Removing stm32f10x_rcc.o(i.RCC_GetFlagStatus), (60 bytes).
    Removing stm32f10x_rcc.o(i.RCC_GetITStatus), (24 bytes).
    Removing stm32f10x_rcc.o(i.RCC_GetSYSCLKSource), (16 bytes).
    Removing stm32f10x_rcc.o(i.RCC_HCLKConfig), (24 bytes).
    Removing stm32f10x_rcc.o(i.RCC_HSEConfig), (76 bytes).
    Removing stm32f10x_rcc.o(i.RCC_HSICmd), (12 bytes).
    Removing stm32f10x_rcc.o(i.RCC_ITConfig), (32 bytes).
    Removing stm32f10x_rcc.o(i.RCC_LSEConfig), (52 bytes).
    Removing stm32f10x_rcc.o(i.RCC_LSICmd), (12 bytes).
    Removing stm32f10x_rcc.o(i.RCC_MCOConfig), (12 bytes).
    Removing stm32f10x_rcc.o(i.RCC_PCLK1Config), (24 bytes).
    Removing stm32f10x_rcc.o(i.RCC_PCLK2Config), (24 bytes).
    Removing stm32f10x_rcc.o(i.RCC_PLLCmd), (12 bytes).
    Removing stm32f10x_rcc.o(i.RCC_PLLConfig), (28 bytes).
    Removing stm32f10x_rcc.o(i.RCC_RTCCLKCmd), (12 bytes).
    Removing stm32f10x_rcc.o(i.RCC_RTCCLKConfig), (16 bytes).
    Removing stm32f10x_rcc.o(i.RCC_SYSCLKConfig), (24 bytes).
    Removing stm32f10x_rcc.o(i.RCC_USBCLKConfig), (12 bytes).
    Removing stm32f10x_rcc.o(i.RCC_WaitForHSEStartUp), (56 bytes).
    Removing stm32f10x_tim.o(.rev16_text), (4 bytes).
    Removing stm32f10x_tim.o(.revsh_text), (4 bytes).
    Removing stm32f10x_tim.o(.rrx_text), (6 bytes).
    Removing stm32f10x_tim.o(i.TI1_Config), (128 bytes).
    Removing stm32f10x_tim.o(i.TI2_Config), (152 bytes).
    Removing stm32f10x_tim.o(i.TI3_Config), (144 bytes).
    Removing stm32f10x_tim.o(i.TI4_Config), (152 bytes).
    Removing stm32f10x_tim.o(i.TIM_ARRPreloadConfig), (24 bytes).
    Removing stm32f10x_tim.o(i.TIM_BDTRConfig), (32 bytes).
    Removing stm32f10x_tim.o(i.TIM_BDTRStructInit), (18 bytes).
    Removing stm32f10x_tim.o(i.TIM_CCPreloadControl), (24 bytes).
    Removing stm32f10x_tim.o(i.TIM_CCxCmd), (30 bytes).
    Removing stm32f10x_tim.o(i.TIM_CCxNCmd), (30 bytes).
    Removing stm32f10x_tim.o(i.TIM_ClearFlag), (6 bytes).
    Removing stm32f10x_tim.o(i.TIM_ClearITPendingBit), (6 bytes).
    Removing stm32f10x_tim.o(i.TIM_ClearOC1Ref), (18 bytes).
    Removing stm32f10x_tim.o(i.TIM_ClearOC2Ref), (24 bytes).
    Removing stm32f10x_tim.o(i.TIM_ClearOC3Ref), (18 bytes).
    Removing stm32f10x_tim.o(i.TIM_ClearOC4Ref), (24 bytes).
    Removing stm32f10x_tim.o(i.TIM_Cmd), (24 bytes).
    Removing stm32f10x_tim.o(i.TIM_CounterModeConfig), (18 bytes).
    Removing stm32f10x_tim.o(i.TIM_CtrlPWMOutputs), (30 bytes).
    Removing stm32f10x_tim.o(i.TIM_DMACmd), (18 bytes).
    Removing stm32f10x_tim.o(i.TIM_DMAConfig), (10 bytes).
    Removing stm32f10x_tim.o(i.TIM_DeInit), (488 bytes).
    Removing stm32f10x_tim.o(i.TIM_ETRClockMode1Config), (54 bytes).
    Removing stm32f10x_tim.o(i.TIM_ETRClockMode2Config), (32 bytes).
    Removing stm32f10x_tim.o(i.TIM_ETRConfig), (28 bytes).
    Removing stm32f10x_tim.o(i.TIM_EncoderInterfaceConfig), (66 bytes).
    Removing stm32f10x_tim.o(i.TIM_ForcedOC1Config), (18 bytes).
    Removing stm32f10x_tim.o(i.TIM_ForcedOC2Config), (26 bytes).
    Removing stm32f10x_tim.o(i.TIM_ForcedOC3Config), (18 bytes).
    Removing stm32f10x_tim.o(i.TIM_ForcedOC4Config), (26 bytes).
    Removing stm32f10x_tim.o(i.TIM_GenerateEvent), (4 bytes).
    Removing stm32f10x_tim.o(i.TIM_GetCapture1), (6 bytes).
    Removing stm32f10x_tim.o(i.TIM_GetCapture2), (6 bytes).
    Removing stm32f10x_tim.o(i.TIM_GetCapture3), (6 bytes).
    Removing stm32f10x_tim.o(i.TIM_GetCapture4), (8 bytes).
    Removing stm32f10x_tim.o(i.TIM_GetCounter), (6 bytes).
    Removing stm32f10x_tim.o(i.TIM_GetFlagStatus), (18 bytes).
    Removing stm32f10x_tim.o(i.TIM_GetITStatus), (34 bytes).
    Removing stm32f10x_tim.o(i.TIM_GetPrescaler), (6 bytes).
    Removing stm32f10x_tim.o(i.TIM_ICInit), (172 bytes).
    Removing stm32f10x_tim.o(i.TIM_ICStructInit), (18 bytes).
    Removing stm32f10x_tim.o(i.TIM_ITConfig), (18 bytes).
    Removing stm32f10x_tim.o(i.TIM_ITRxExternalClockConfig), (24 bytes).
    Removing stm32f10x_tim.o(i.TIM_InternalClockConfig), (12 bytes).
    Removing stm32f10x_tim.o(i.TIM_OC1FastConfig), (18 bytes).
    Removing stm32f10x_tim.o(i.TIM_OC1Init), (152 bytes).
    Removing stm32f10x_tim.o(i.TIM_OC1NPolarityConfig), (18 bytes).
    Removing stm32f10x_tim.o(i.TIM_OC1PolarityConfig), (18 bytes).
    Removing stm32f10x_tim.o(i.TIM_OC1PreloadConfig), (18 bytes).
    Removing stm32f10x_tim.o(i.TIM_OC2FastConfig), (26 bytes).
    Removing stm32f10x_tim.o(i.TIM_OC2Init), (164 bytes).
    Removing stm32f10x_tim.o(i.TIM_OC2NPolarityConfig), (26 bytes).
    Removing stm32f10x_tim.o(i.TIM_OC2PolarityConfig), (26 bytes).
    Removing stm32f10x_tim.o(i.TIM_OC2PreloadConfig), (26 bytes).
    Removing stm32f10x_tim.o(i.TIM_OC3FastConfig), (18 bytes).
    Removing stm32f10x_tim.o(i.TIM_OC3Init), (160 bytes).
    Removing stm32f10x_tim.o(i.TIM_OC3NPolarityConfig), (26 bytes).
    Removing stm32f10x_tim.o(i.TIM_OC3PolarityConfig), (26 bytes).
    Removing stm32f10x_tim.o(i.TIM_OC3PreloadConfig), (18 bytes).
    Removing stm32f10x_tim.o(i.TIM_OC4FastConfig), (26 bytes).
    Removing stm32f10x_tim.o(i.TIM_OC4Init), (124 bytes).
    Removing stm32f10x_tim.o(i.TIM_OC4PolarityConfig), (26 bytes).
    Removing stm32f10x_tim.o(i.TIM_OC4PreloadConfig), (26 bytes).
    Removing stm32f10x_tim.o(i.TIM_OCStructInit), (20 bytes).
    Removing stm32f10x_tim.o(i.TIM_PWMIConfig), (124 bytes).
    Removing stm32f10x_tim.o(i.TIM_PrescalerConfig), (6 bytes).
    Removing stm32f10x_tim.o(i.TIM_SelectCCDMA), (24 bytes).
    Removing stm32f10x_tim.o(i.TIM_SelectCOM), (24 bytes).
    Removing stm32f10x_tim.o(i.TIM_SelectHallSensor), (24 bytes).
    Removing stm32f10x_tim.o(i.TIM_SelectInputTrigger), (18 bytes).
    Removing stm32f10x_tim.o(i.TIM_SelectMasterSlaveMode), (18 bytes).
    Removing stm32f10x_tim.o(i.TIM_SelectOCxM), (82 bytes).
    Removing stm32f10x_tim.o(i.TIM_SelectOnePulseMode), (18 bytes).
    Removing stm32f10x_tim.o(i.TIM_SelectOutputTrigger), (18 bytes).
    Removing stm32f10x_tim.o(i.TIM_SelectSlaveMode), (18 bytes).
    Removing stm32f10x_tim.o(i.TIM_SetAutoreload), (4 bytes).
    Removing stm32f10x_tim.o(i.TIM_SetClockDivision), (18 bytes).
    Removing stm32f10x_tim.o(i.TIM_SetCompare1), (4 bytes).
    Removing stm32f10x_tim.o(i.TIM_SetCompare2), (4 bytes).
    Removing stm32f10x_tim.o(i.TIM_SetCompare3), (4 bytes).
    Removing stm32f10x_tim.o(i.TIM_SetCompare4), (6 bytes).
    Removing stm32f10x_tim.o(i.TIM_SetCounter), (4 bytes).
    Removing stm32f10x_tim.o(i.TIM_SetIC1Prescaler), (18 bytes).
    Removing stm32f10x_tim.o(i.TIM_SetIC2Prescaler), (26 bytes).
    Removing stm32f10x_tim.o(i.TIM_SetIC3Prescaler), (18 bytes).
    Removing stm32f10x_tim.o(i.TIM_SetIC4Prescaler), (26 bytes).
    Removing stm32f10x_tim.o(i.TIM_TIxExternalClockConfig), (62 bytes).
    Removing stm32f10x_tim.o(i.TIM_TimeBaseInit), (164 bytes).
    Removing stm32f10x_tim.o(i.TIM_TimeBaseStructInit), (18 bytes).
    Removing stm32f10x_tim.o(i.TIM_UpdateDisableConfig), (24 bytes).
    Removing stm32f10x_tim.o(i.TIM_UpdateRequestConfig), (24 bytes).
    Removing stm32f10x_usart.o(.rev16_text), (4 bytes).
    Removing stm32f10x_usart.o(.revsh_text), (4 bytes).
    Removing stm32f10x_usart.o(.rrx_text), (6 bytes).
    Removing stm32f10x_usart.o(i.USART_ClearFlag), (18 bytes).
    Removing stm32f10x_usart.o(i.USART_ClearITPendingBit), (30 bytes).
    Removing stm32f10x_usart.o(i.USART_ClockInit), (34 bytes).
    Removing stm32f10x_usart.o(i.USART_ClockStructInit), (12 bytes).
    Removing stm32f10x_usart.o(i.USART_DMACmd), (18 bytes).
    Removing stm32f10x_usart.o(i.USART_DeInit), (156 bytes).
    Removing stm32f10x_usart.o(i.USART_GetITStatus), (84 bytes).
    Removing stm32f10x_usart.o(i.USART_HalfDuplexCmd), (24 bytes).
    Removing stm32f10x_usart.o(i.USART_IrDACmd), (24 bytes).
    Removing stm32f10x_usart.o(i.USART_IrDAConfig), (18 bytes).
    Removing stm32f10x_usart.o(i.USART_LINBreakDetectLengthConfig), (18 bytes).
    Removing stm32f10x_usart.o(i.USART_LINCmd), (24 bytes).
    Removing stm32f10x_usart.o(i.USART_OneBitMethodCmd), (24 bytes).
    Removing stm32f10x_usart.o(i.USART_OverSampling8Cmd), (22 bytes).
    Removing stm32f10x_usart.o(i.USART_ReceiveData), (10 bytes).
    Removing stm32f10x_usart.o(i.USART_ReceiverWakeUpCmd), (24 bytes).
    Removing stm32f10x_usart.o(i.USART_SendBreak), (10 bytes).
    Removing stm32f10x_usart.o(i.USART_SetAddress), (18 bytes).
    Removing stm32f10x_usart.o(i.USART_SetGuardTime), (16 bytes).
    Removing stm32f10x_usart.o(i.USART_SetPrescaler), (16 bytes).
    Removing stm32f10x_usart.o(i.USART_SmartCardCmd), (24 bytes).
    Removing stm32f10x_usart.o(i.USART_SmartCardNACKCmd), (24 bytes).
    Removing stm32f10x_usart.o(i.USART_StructInit), (24 bytes).
    Removing stm32f10x_usart.o(i.USART_WakeUpConfig), (18 bytes).
    Removing system_stm32f10x.o(.rev16_text), (4 bytes).
    Removing system_stm32f10x.o(.revsh_text), (4 bytes).
    Removing system_stm32f10x.o(.rrx_text), (6 bytes).
    Removing system_stm32f10x.o(i.SystemCoreClockUpdate), (164 bytes).
    Removing system_stm32f10x.o(.data), (20 bytes).

305 unused section(s) (total 12629 bytes) removed from the image.

==============================================================================

Image Symbol Table

    Local Symbols

    Symbol Name                              Value     Ov Type        Size  Object(Section)

    ../clib/../cmprslib/zerorunl2.c          0x00000000   Number         0  __dczerorl2.o ABSOLUTE
    ../clib/microlib/init/entry.s            0x00000000   Number         0  entry9b.o ABSOLUTE
    ../clib/microlib/init/entry.s            0x00000000   Number         0  entry9a.o ABSOLUTE
    ../clib/microlib/init/entry.s            0x00000000   Number         0  entry11b.o ABSOLUTE
    ../clib/microlib/init/entry.s            0x00000000   Number         0  entry11a.o ABSOLUTE
    ../clib/microlib/init/entry.s            0x00000000   Number         0  entry10b.o ABSOLUTE
    ../clib/microlib/init/entry.s            0x00000000   Number         0  entry10a.o ABSOLUTE
    ../clib/microlib/init/entry.s            0x00000000   Number         0  entry8b.o ABSOLUTE
    ../clib/microlib/init/entry.s            0x00000000   Number         0  entry.o ABSOLUTE
    ../clib/microlib/init/entry.s            0x00000000   Number         0  entry2.o ABSOLUTE
    ../clib/microlib/init/entry.s            0x00000000   Number         0  entry5.o ABSOLUTE
    ../clib/microlib/init/entry.s            0x00000000   Number         0  entry7a.o ABSOLUTE
    ../clib/microlib/init/entry.s            0x00000000   Number         0  entry7b.o ABSOLUTE
    ../clib/microlib/init/entry.s            0x00000000   Number         0  entry8a.o ABSOLUTE
    ../clib/microlib/malloc/malloc.c         0x00000000   Number         0  mallocra.o ABSOLUTE
    ../clib/microlib/malloc/malloc.c         0x00000000   Number         0  mallocr.o ABSOLUTE
    ../clib/microlib/malloc/malloc.c         0x00000000   Number         0  malloc.o ABSOLUTE
    ../clib/microlib/malloc/malloc.c         0x00000000   Number         0  malloca.o ABSOLUTE
    ../clib/microlib/malloc/mvars.c          0x00000000   Number         0  mvars.o ABSOLUTE
    ../clib/microlib/string/memcpy.c         0x00000000   Number         0  memcpya.o ABSOLUTE
    ../clib/microlib/string/memcpy.c         0x00000000   Number         0  memcpyb.o ABSOLUTE
    ../clib/microlib/string/memset.c         0x00000000   Number         0  memseta.o ABSOLUTE
    ../clib/microlib/string/strchr.c         0x00000000   Number         0  strchr.o ABSOLUTE
    ../clib/microlib/stubs.s                 0x00000000   Number         0  iusefp.o ABSOLUTE
    ../fplib/microlib/fpdiv.c                0x00000000   Number         0  fdiv.o ABSOLUTE
    ../fplib/microlib/fpepilogue.c           0x00000000   Number         0  fepilogue.o ABSOLUTE
    ../fplib/microlib/fpfix.c                0x00000000   Number         0  ffixui.o ABSOLUTE
    ../fplib/microlib/fpflt.c                0x00000000   Number         0  ffltui.o ABSOLUTE
    ../fplib/microlib/fpmul.c                0x00000000   Number         0  fmul.o ABSOLUTE
    ..\\user\\TimBase\\bsp_TiMbase.c         0x00000000   Number         0  bsp_timbase.o ABSOLUTE
    ..\\user\\color\\color.c                 0x00000000   Number         0  color.o ABSOLUTE
    ..\\user\\lcd\\bsp_ili9341_lcd.c         0x00000000   Number         0  bsp_ili9341_lcd.o ABSOLUTE
    ..\\user\\main.c                         0x00000000   Number         0  main.o ABSOLUTE
    ..\\user\\mofang\\USART1.c               0x00000000   Number         0  usart1.o ABSOLUTE
    ..\\user\\mofang\\control.c              0x00000000   Number         0  control.o ABSOLUTE
    ..\\user\\mofang\\mofang.c               0x00000000   Number         0  mofang.o ABSOLUTE
    ..\\user\\ov7725\\bsp_ov7725.c           0x00000000   Number         0  bsp_ov7725.o ABSOLUTE
    ..\\user\\rubik\\rubik.c                 0x00000000   Number         0  rubik.o ABSOLUTE
    ..\\user\\sccb\\bsp_sccb.c               0x00000000   Number         0  bsp_sccb.o ABSOLUTE
    ..\user\TimBase\bsp_TiMbase.c            0x00000000   Number         0  bsp_timbase.o ABSOLUTE
    ..\user\color\color.c                    0x00000000   Number         0  color.o ABSOLUTE
    ..\user\lcd\bsp_ili9341_lcd.c            0x00000000   Number         0  bsp_ili9341_lcd.o ABSOLUTE
    ..\user\main.c                           0x00000000   Number         0  main.o ABSOLUTE
    ..\user\mofang\USART1.c                  0x00000000   Number         0  usart1.o ABSOLUTE
    ..\user\mofang\control.c                 0x00000000   Number         0  control.o ABSOLUTE
    ..\user\mofang\mofang.c                  0x00000000   Number         0  mofang.o ABSOLUTE
    ..\user\ov7725\bsp_ov7725.c              0x00000000   Number         0  bsp_ov7725.o ABSOLUTE
    ..\user\rubik\rubik.c                    0x00000000   Number         0  rubik.o ABSOLUTE
    ..\user\sccb\bsp_sccb.c                  0x00000000   Number         0  bsp_sccb.o ABSOLUTE
    E:\KEIL\ARM\PACK\Keil\STM32F1xx_DFP\1.1.0\Device\StdPeriph_Driver\src\misc.c 0x00000000   Number         0  misc.o ABSOLUTE
    E:\KEIL\ARM\PACK\Keil\STM32F1xx_DFP\1.1.0\Device\StdPeriph_Driver\src\stm32f10x_dma.c 0x00000000   Number         0  stm32f10x_dma.o ABSOLUTE
    E:\KEIL\ARM\PACK\Keil\STM32F1xx_DFP\1.1.0\Device\StdPeriph_Driver\src\stm32f10x_exti.c 0x00000000   Number         0  stm32f10x_exti.o ABSOLUTE
    E:\KEIL\ARM\PACK\Keil\STM32F1xx_DFP\1.1.0\Device\StdPeriph_Driver\src\stm32f10x_flash.c 0x00000000   Number         0  stm32f10x_flash.o ABSOLUTE
    E:\KEIL\ARM\PACK\Keil\STM32F1xx_DFP\1.1.0\Device\StdPeriph_Driver\src\stm32f10x_fsmc.c 0x00000000   Number         0  stm32f10x_fsmc.o ABSOLUTE
    E:\KEIL\ARM\PACK\Keil\STM32F1xx_DFP\1.1.0\Device\StdPeriph_Driver\src\stm32f10x_gpio.c 0x00000000   Number         0  stm32f10x_gpio.o ABSOLUTE
    E:\KEIL\ARM\PACK\Keil\STM32F1xx_DFP\1.1.0\Device\StdPeriph_Driver\src\stm32f10x_rcc.c 0x00000000   Number         0  stm32f10x_rcc.o ABSOLUTE
    E:\KEIL\ARM\PACK\Keil\STM32F1xx_DFP\1.1.0\Device\StdPeriph_Driver\src\stm32f10x_tim.c 0x00000000   Number         0  stm32f10x_tim.o ABSOLUTE
    E:\KEIL\ARM\PACK\Keil\STM32F1xx_DFP\1.1.0\Device\StdPeriph_Driver\src\stm32f10x_usart.c 0x00000000   Number         0  stm32f10x_usart.o ABSOLUTE
    E:\\KEIL\\ARM\\PACK\\Keil\\STM32F1xx_DFP\\1.1.0\\Device\\StdPeriph_Driver\\src\\misc.c 0x00000000   Number         0  misc.o ABSOLUTE
    E:\\KEIL\\ARM\\PACK\\Keil\\STM32F1xx_DFP\\1.1.0\\Device\\StdPeriph_Driver\\src\\stm32f10x_dma.c 0x00000000   Number         0  stm32f10x_dma.o ABSOLUTE
    E:\\KEIL\\ARM\\PACK\\Keil\\STM32F1xx_DFP\\1.1.0\\Device\\StdPeriph_Driver\\src\\stm32f10x_exti.c 0x00000000   Number         0  stm32f10x_exti.o ABSOLUTE
    E:\\KEIL\\ARM\\PACK\\Keil\\STM32F1xx_DFP\\1.1.0\\Device\\StdPeriph_Driver\\src\\stm32f10x_flash.c 0x00000000   Number         0  stm32f10x_flash.o ABSOLUTE
    E:\\KEIL\\ARM\\PACK\\Keil\\STM32F1xx_DFP\\1.1.0\\Device\\StdPeriph_Driver\\src\\stm32f10x_fsmc.c 0x00000000   Number         0  stm32f10x_fsmc.o ABSOLUTE
    E:\\KEIL\\ARM\\PACK\\Keil\\STM32F1xx_DFP\\1.1.0\\Device\\StdPeriph_Driver\\src\\stm32f10x_gpio.c 0x00000000   Number         0  stm32f10x_gpio.o ABSOLUTE
    E:\\KEIL\\ARM\\PACK\\Keil\\STM32F1xx_DFP\\1.1.0\\Device\\StdPeriph_Driver\\src\\stm32f10x_rcc.c 0x00000000   Number         0  stm32f10x_rcc.o ABSOLUTE
    E:\\KEIL\\ARM\\PACK\\Keil\\STM32F1xx_DFP\\1.1.0\\Device\\StdPeriph_Driver\\src\\stm32f10x_tim.c 0x00000000   Number         0  stm32f10x_tim.o ABSOLUTE
    E:\\KEIL\\ARM\\PACK\\Keil\\STM32F1xx_DFP\\1.1.0\\Device\\StdPeriph_Driver\\src\\stm32f10x_usart.c 0x00000000   Number         0  stm32f10x_usart.o ABSOLUTE
    RTE\Device\STM32F103VE\startup_stm32f10x_hd.s 0x00000000   Number         0  startup_stm32f10x_hd.o ABSOLUTE
    RTE\Device\STM32F103VE\system_stm32f10x.c 0x00000000   Number         0  system_stm32f10x.o ABSOLUTE
    RTE\\Device\\STM32F103VE\\system_stm32f10x.c 0x00000000   Number         0  system_stm32f10x.o ABSOLUTE
    dc.s                                     0x00000000   Number         0  dc.o ABSOLUTE
    handlers.s                               0x00000000   Number         0  handlers.o ABSOLUTE
    init.s                                   0x00000000   Number         0  init.o ABSOLUTE
    RESET                                    0x08000000   Section      304  startup_stm32f10x_hd.o(RESET)
    .ARM.Collect$$$$00000000                 0x08000130   Section        0  entry.o(.ARM.Collect$$$$00000000)
    .ARM.Collect$$$$00000001                 0x08000130   Section        4  entry2.o(.ARM.Collect$$$$00000001)
    .ARM.Collect$$$$00000004                 0x08000134   Section        4  entry5.o(.ARM.Collect$$$$00000004)
    .ARM.Collect$$$$00000008                 0x08000138   Section        0  entry7b.o(.ARM.Collect$$$$00000008)
    .ARM.Collect$$$$0000000A                 0x08000138   Section        0  entry8b.o(.ARM.Collect$$$$0000000A)
    .ARM.Collect$$$$0000000B                 0x08000138   Section        8  entry9a.o(.ARM.Collect$$$$0000000B)
    .ARM.Collect$$$$0000000D                 0x08000140   Section        0  entry10a.o(.ARM.Collect$$$$0000000D)
    .ARM.Collect$$$$0000000F                 0x08000140   Section        0  entry11a.o(.ARM.Collect$$$$0000000F)
    .ARM.Collect$$$$00002712                 0x08000140   Section        4  entry2.o(.ARM.Collect$$$$00002712)
    __lit__00000000                          0x08000140   Data           4  entry2.o(.ARM.Collect$$$$00002712)
    .text                                    0x08000144   Section       36  startup_stm32f10x_hd.o(.text)
    .text                                    0x08000168   Section        0  memseta.o(.text)
    .text                                    0x0800018c   Section        0  strchr.o(.text)
    .text                                    0x080001a0   Section        0  fmul.o(.text)
    .text                                    0x08000204   Section        0  fdiv.o(.text)
    .text                                    0x08000280   Section        0  ffltui.o(.text)
    .text                                    0x0800028a   Section        0  ffixui.o(.text)
    .text                                    0x080002b2   Section        0  iusefp.o(.text)
    .text                                    0x080002b2   Section        0  fepilogue.o(.text)
    .text                                    0x08000320   Section       36  init.o(.text)
    .text                                    0x08000344   Section        0  __dczerorl2.o(.text)
    i.Action                                 0x0800039a   Section        0  control.o(i.Action)
    i.ClockWise                              0x080003d4   Section        0  control.o(i.ClockWise)
    i.Delayms                                0x08000498   Section        0  mofang.o(i.Delayms)
    i.Delayus                                0x080004b6   Section        0  control.o(i.Delayus)
    i.Dispaly_H                              0x080004d0   Section        0  bsp_ov7725.o(i.Dispaly_H)
    i.EXTI0_IRQHandler                       0x080007cc   Section        0  bsp_ov7725.o(i.EXTI0_IRQHandler)
    i.EXTI15_10_IRQHandler                   0x08000828   Section        0  bsp_ov7725.o(i.EXTI15_10_IRQHandler)
    i.EXTI_ClearITPendingBit                 0x08000888   Section        0  stm32f10x_exti.o(i.EXTI_ClearITPendingBit)
    i.EXTI_GenerateSWInterrupt               0x08000894   Section        0  stm32f10x_exti.o(i.EXTI_GenerateSWInterrupt)
    i.EXTI_GetITStatus                       0x080008a4   Section        0  stm32f10x_exti.o(i.EXTI_GetITStatus)
    i.EXTI_Init                              0x080008cc   Section        0  stm32f10x_exti.o(i.EXTI_Init)
    i.EXTI_PC13_Config                       0x08000960   Section        0  bsp_ov7725.o(i.EXTI_PC13_Config)
    i.FIFO_GPIO_Config                       0x08000984   Section        0  bsp_ov7725.o(i.FIFO_GPIO_Config)
    FIFO_GPIO_Config                         0x08000985   Thumb Code   178  bsp_ov7725.o(i.FIFO_GPIO_Config)
    i.FSMC_NORSRAMCmd                        0x08000a48   Section        0  stm32f10x_fsmc.o(i.FSMC_NORSRAMCmd)
    i.FSMC_NORSRAMInit                       0x08000a7c   Section        0  stm32f10x_fsmc.o(i.FSMC_NORSRAMInit)
    i.GPIO_EXTILineConfig                    0x08000b64   Section        0  stm32f10x_gpio.o(i.GPIO_EXTILineConfig)
    i.GPIO_Init                              0x08000ba4   Section        0  stm32f10x_gpio.o(i.GPIO_Init)
    i.GPIO_ReadInputDataBit                  0x08000cba   Section        0  stm32f10x_gpio.o(i.GPIO_ReadInputDataBit)
    i.GPIO_ResetBits                         0x08000ccc   Section        0  stm32f10x_gpio.o(i.GPIO_ResetBits)
    i.GPIO_SetBits                           0x08000cd0   Section        0  stm32f10x_gpio.o(i.GPIO_SetBits)
    i.ImagDisp                               0x08000cd4   Section        0  bsp_ov7725.o(i.ImagDisp)
    i.LCD_DisColor                           0x08000e34   Section        0  bsp_ili9341_lcd.o(i.LCD_DisColor)
    i.LCD_DisNum                             0x08000eac   Section        0  bsp_ili9341_lcd.o(i.LCD_DisNum)
    i.LCD_DispChar                           0x08000f20   Section        0  bsp_ili9341_lcd.o(i.LCD_DispChar)
    i.LCD_FSMC_Config                        0x08000f90   Section        0  bsp_ili9341_lcd.o(i.LCD_FSMC_Config)
    i.LCD_GPIO_Config                        0x08000fec   Section        0  bsp_ili9341_lcd.o(i.LCD_GPIO_Config)
    i.LCD_Init                               0x080010a4   Section        0  bsp_ili9341_lcd.o(i.LCD_Init)
    i.LCD_OpenWindow                         0x080010d8   Section        0  bsp_ili9341_lcd.o(i.LCD_OpenWindow)
    i.LCD_REG_Config                         0x08001128   Section        0  bsp_ili9341_lcd.o(i.LCD_REG_Config)
    i.LCD_Rst                                0x08001310   Section        0  bsp_ili9341_lcd.o(i.LCD_Rst)
    i.Lcd_Delay                              0x08001338   Section        0  bsp_ili9341_lcd.o(i.Lcd_Delay)
    i.MidCompared                            0x0800134a   Section        0  rubik.o(i.MidCompared)
    i.NVIC_Init                              0x0800135c   Section        0  misc.o(i.NVIC_Init)
    i.NVIC_PriorityGroupConfig               0x080013cc   Section        0  misc.o(i.NVIC_PriorityGroupConfig)
    i.Ov7725_GPIO_Config                     0x080013e0   Section        0  bsp_ov7725.o(i.Ov7725_GPIO_Config)
    i.Ov7725_Init                            0x080013ec   Section        0  bsp_ov7725.o(i.Ov7725_Init)
    i.RCC_AHBPeriphClockCmd                  0x08001454   Section        0  stm32f10x_rcc.o(i.RCC_AHBPeriphClockCmd)
    i.RCC_APB2PeriphClockCmd                 0x08001474   Section        0  stm32f10x_rcc.o(i.RCC_APB2PeriphClockCmd)
    i.RCC_GetClocksFreq                      0x08001494   Section        0  stm32f10x_rcc.o(i.RCC_GetClocksFreq)
    i.RECEIVE_Config                         0x08001568   Section        0  usart1.o(i.RECEIVE_Config)
    i.REG_Write                              0x08001584   Section        0  control.o(i.REG_Write)
    i.RGBtoHSL                               0x08001660   Section        0  color.o(i.RGBtoHSL)
    i.Rubik                                  0x08001820   Section        0  rubik.o(i.Rubik)
    i.Rubikout                               0x08001b64   Section        0  rubik.o(i.Rubikout)
    i.SCCB_Ack                               0x08001ca8   Section        0  bsp_sccb.o(i.SCCB_Ack)
    SCCB_Ack                                 0x08001ca9   Thumb Code    52  bsp_sccb.o(i.SCCB_Ack)
    i.SCCB_GPIO_Config                       0x08001ce0   Section        0  bsp_sccb.o(i.SCCB_GPIO_Config)
    i.SCCB_NoAck                             0x08001d0c   Section        0  bsp_sccb.o(i.SCCB_NoAck)
    SCCB_NoAck                               0x08001d0d   Thumb Code    52  bsp_sccb.o(i.SCCB_NoAck)
    i.SCCB_ReadByte                          0x08001d44   Section        0  bsp_sccb.o(i.SCCB_ReadByte)
    i.SCCB_ReceiveByte                       0x08001dc0   Section        0  bsp_sccb.o(i.SCCB_ReceiveByte)
    SCCB_ReceiveByte                         0x08001dc1   Thumb Code    80  bsp_sccb.o(i.SCCB_ReceiveByte)
    i.SCCB_SendByte                          0x08001e14   Section        0  bsp_sccb.o(i.SCCB_SendByte)
    SCCB_SendByte                            0x08001e15   Thumb Code    84  bsp_sccb.o(i.SCCB_SendByte)
    i.SCCB_Start                             0x08001e6c   Section        0  bsp_sccb.o(i.SCCB_Start)
    SCCB_Start                               0x08001e6d   Thumb Code    78  bsp_sccb.o(i.SCCB_Start)
    i.SCCB_Stop                              0x08001ec0   Section        0  bsp_sccb.o(i.SCCB_Stop)
    SCCB_Stop                                0x08001ec1   Thumb Code    52  bsp_sccb.o(i.SCCB_Stop)
    i.SCCB_WaitAck                           0x08001ef8   Section        0  bsp_sccb.o(i.SCCB_WaitAck)
    SCCB_WaitAck                             0x08001ef9   Thumb Code    72  bsp_sccb.o(i.SCCB_WaitAck)
    i.SCCB_WriteByte                         0x08001f44   Section        0  bsp_sccb.o(i.SCCB_WriteByte)
    i.SCCB_delay                             0x08001f84   Section        0  bsp_sccb.o(i.SCCB_delay)
    SCCB_delay                               0x08001f85   Thumb Code    16  bsp_sccb.o(i.SCCB_delay)
    i.Send                                   0x08001f94   Section        0  usart1.o(i.Send)
    i.SetSysClock                            0x08001fb4   Section        0  system_stm32f10x.o(i.SetSysClock)
    SetSysClock                              0x08001fb5   Thumb Code     8  system_stm32f10x.o(i.SetSysClock)
    i.SetSysClockTo72                        0x08001fbc   Section        0  system_stm32f10x.o(i.SetSysClockTo72)
    SetSysClockTo72                          0x08001fbd   Thumb Code   214  system_stm32f10x.o(i.SetSysClockTo72)
    i.SystemInit                             0x0800209c   Section        0  system_stm32f10x.o(i.SystemInit)
    i.TIM2_IRQHandler                        0x080020fc   Section        0  bsp_timbase.o(i.TIM2_IRQHandler)
    i.USART1_Config                          0x08002100   Section        0  usart1.o(i.USART1_Config)
    i.USART_Cmd                              0x08002174   Section        0  stm32f10x_usart.o(i.USART_Cmd)
    i.USART_GetFlagStatus                    0x0800218c   Section        0  stm32f10x_usart.o(i.USART_GetFlagStatus)
    i.USART_ITConfig                         0x080021a6   Section        0  stm32f10x_usart.o(i.USART_ITConfig)
    i.USART_Init                             0x080021f0   Section        0  stm32f10x_usart.o(i.USART_Init)
    i.USART_SendData                         0x080022c8   Section        0  stm32f10x_usart.o(i.USART_SendData)
    i.VSYNC_EXTI_Configuration               0x080022d0   Section        0  bsp_ov7725.o(i.VSYNC_EXTI_Configuration)
    VSYNC_EXTI_Configuration                 0x080022d1   Thumb Code    46  bsp_ov7725.o(i.VSYNC_EXTI_Configuration)
    i.VSYNC_GPIO_Configuration               0x08002300   Section        0  bsp_ov7725.o(i.VSYNC_GPIO_Configuration)
    VSYNC_GPIO_Configuration                 0x08002301   Thumb Code    38  bsp_ov7725.o(i.VSYNC_GPIO_Configuration)
    i.VSYNC_Init                             0x0800232c   Section        0  bsp_ov7725.o(i.VSYNC_Init)
    i.VSYNC_NVIC_Configuration               0x08002340   Section        0  bsp_ov7725.o(i.VSYNC_NVIC_Configuration)
    VSYNC_NVIC_Configuration                 0x08002341   Thumb Code    70  bsp_ov7725.o(i.VSYNC_NVIC_Configuration)
    i.__scatterload_copy                     0x08002386   Section       14  handlers.o(i.__scatterload_copy)
    i.__scatterload_null                     0x08002394   Section        2  handlers.o(i.__scatterload_null)
    i.__scatterload_zeroinit                 0x08002396   Section       14  handlers.o(i.__scatterload_zeroinit)
    i.allleft90                              0x080023a4   Section        0  mofang.o(i.allleft90)
    i.allright90                             0x080024b4   Section        0  mofang.o(i.allright90)
    i.cycle                                  0x080025c4   Section        0  rubik.o(i.cycle)
    i.display                                0x0800262c   Section        0  rubik.o(i.display)
    i.displaystep                            0x080027a2   Section        0  main.o(i.displaystep)
    i.domove                                 0x080027e8   Section        0  rubik.o(i.domove)
    i.end                                    0x0800285c   Section        0  mofang.o(i.end)
    i.filltable                              0x080028e8   Section        0  rubik.o(i.filltable)
    i.getposition                            0x080029b4   Section        0  rubik.o(i.getposition)
    i.init                                   0x08002b2c   Section        0  main.o(i.init)
    i.left90                                 0x08002b50   Section        0  mofang.o(i.left90)
    i.main                                   0x08002c1c   Section        0  main.o(i.main)
    i.malloc                                 0x08002d24   Section        0  malloc.o(i.malloc)
    i.numtoperm                              0x08002d90   Section        0  rubik.o(i.numtoperm)
    i.outcolor                               0x08002ddc   Section        0  color.o(i.outcolor)
    i.permtonum                              0x08002e46   Section        0  rubik.o(i.permtonum)
    i.reset                                  0x08002e78   Section        0  rubik.o(i.reset)
    i.right90                                0x08002e9c   Section        0  mofang.o(i.right90)
    i.rubikStep                              0x08002f5c   Section        0  mofang.o(i.rubikStep)
    i.searchphase                            0x08003110   Section        0  rubik.o(i.searchphase)
    i.setposition                            0x080031d8   Section        0  rubik.o(i.setposition)
    i.start                                  0x08003330   Section        0  mofang.o(i.start)
    i.turn180                                0x080033d8   Section        0  mofang.o(i.turn180)
    i.twist                                  0x080034a4   Section        0  rubik.o(i.twist)
    .constdata                               0x080034cc   Section     1140  bsp_ili9341_lcd.o(.constdata)
    .conststring                             0x08003940   Section      105  rubik.o(.conststring)
    .data                                    0x20000000   Section      177  bsp_ov7725.o(.data)
    .data                                    0x200000b4   Section       56  rubik.o(.data)
    .data                                    0x200000ec   Section        5  control.o(.data)
    .data                                    0x200000f4   Section       96  mofang.o(.data)
    .data                                    0x20000154   Section       20  stm32f10x_rcc.o(.data)
    APBAHBPrescTable                         0x20000154   Data          16  stm32f10x_rcc.o(.data)
    ADCPrescTable                            0x20000164   Data           4  stm32f10x_rcc.o(.data)
    .data                                    0x20000168   Section        4  mvars.o(.data)
    .data                                    0x2000016c   Section        4  mvars.o(.data)
    .bss                                     0x20000170   Section      606  bsp_ov7725.o(.bss)
    .bss                                     0x200003d0   Section      252  rubik.o(.bss)
    HEAP                                     0x200004d0   Section    33280  startup_stm32f10x_hd.o(HEAP)
    STACK                                    0x200086d0   Section     1024  startup_stm32f10x_hd.o(STACK)

    Global Symbols

    Symbol Name                              Value     Ov Type        Size  Object(Section)

    BuildAttributes$$THM_ISAv4$P$D$K$B$S$PE$A:L22UL41UL21$X:L11$S22US41US21$IEEE1$IW$USESV6$~STKCKD$USESV7$~SHL$OTIME$ROPI$EBA8$MICROLIB$REQ8$PRES8$EABIv2 0x00000000   Number         0  anon$$obj.o ABSOLUTE
    __ARM_use_no_argv                        0x00000000   Number         0  main.o ABSOLUTE
    __cpp_initialize__aeabi_                  - Undefined Weak Reference
    __cxa_finalize                            - Undefined Weak Reference
    _clock_init                               - Undefined Weak Reference
    _microlib_exit                            - Undefined Weak Reference
    __Vectors_Size                           0x00000130   Number         0  startup_stm32f10x_hd.o ABSOLUTE
    __Vectors                                0x08000000   Data           4  startup_stm32f10x_hd.o(RESET)
    __Vectors_End                            0x08000130   Data           0  startup_stm32f10x_hd.o(RESET)
    __main                                   0x08000131   Thumb Code     0  entry.o(.ARM.Collect$$$$00000000)
    _main_stk                                0x08000131   Thumb Code     0  entry2.o(.ARM.Collect$$$$00000001)
    _main_scatterload                        0x08000135   Thumb Code     0  entry5.o(.ARM.Collect$$$$00000004)
    __main_after_scatterload                 0x08000139   Thumb Code     0  entry5.o(.ARM.Collect$$$$00000004)
    _main_clock                              0x08000139   Thumb Code     0  entry7b.o(.ARM.Collect$$$$00000008)
    _main_cpp_init                           0x08000139   Thumb Code     0  entry8b.o(.ARM.Collect$$$$0000000A)
    _main_init                               0x08000139   Thumb Code     0  entry9a.o(.ARM.Collect$$$$0000000B)
    __rt_final_cpp                           0x08000141   Thumb Code     0  entry10a.o(.ARM.Collect$$$$0000000D)
    __rt_final_exit                          0x08000141   Thumb Code     0  entry11a.o(.ARM.Collect$$$$0000000F)
    Reset_Handler                            0x08000145   Thumb Code     8  startup_stm32f10x_hd.o(.text)
    NMI_Handler                              0x0800014d   Thumb Code     2  startup_stm32f10x_hd.o(.text)
    HardFault_Handler                        0x0800014f   Thumb Code     2  startup_stm32f10x_hd.o(.text)
    MemManage_Handler                        0x08000151   Thumb Code     2  startup_stm32f10x_hd.o(.text)
    BusFault_Handler                         0x08000153   Thumb Code     2  startup_stm32f10x_hd.o(.text)
    UsageFault_Handler                       0x08000155   Thumb Code     2  startup_stm32f10x_hd.o(.text)
    SVC_Handler                              0x08000157   Thumb Code     2  startup_stm32f10x_hd.o(.text)
    DebugMon_Handler                         0x08000159   Thumb Code     2  startup_stm32f10x_hd.o(.text)
    PendSV_Handler                           0x0800015b   Thumb Code     2  startup_stm32f10x_hd.o(.text)
    SysTick_Handler                          0x0800015d   Thumb Code     2  startup_stm32f10x_hd.o(.text)
    ADC1_2_IRQHandler                        0x0800015f   Thumb Code     0  startup_stm32f10x_hd.o(.text)
    ADC3_IRQHandler                          0x0800015f   Thumb Code     0  startup_stm32f10x_hd.o(.text)
    CAN1_RX1_IRQHandler                      0x0800015f   Thumb Code     0  startup_stm32f10x_hd.o(.text)
    CAN1_SCE_IRQHandler                      0x0800015f   Thumb Code     0  startup_stm32f10x_hd.o(.text)
    DMA1_Channel1_IRQHandler                 0x0800015f   Thumb Code     0  startup_stm32f10x_hd.o(.text)
    DMA1_Channel2_IRQHandler                 0x0800015f   Thumb Code     0  startup_stm32f10x_hd.o(.text)
    DMA1_Channel3_IRQHandler                 0x0800015f   Thumb Code     0  startup_stm32f10x_hd.o(.text)
    DMA1_Channel4_IRQHandler                 0x0800015f   Thumb Code     0  startup_stm32f10x_hd.o(.text)
    DMA1_Channel5_IRQHandler                 0x0800015f   Thumb Code     0  startup_stm32f10x_hd.o(.text)
    DMA1_Channel6_IRQHandler                 0x0800015f   Thumb Code     0  startup_stm32f10x_hd.o(.text)
    DMA1_Channel7_IRQHandler                 0x0800015f   Thumb Code     0  startup_stm32f10x_hd.o(.text)
    DMA2_Channel1_IRQHandler                 0x0800015f   Thumb Code     0  startup_stm32f10x_hd.o(.text)
    DMA2_Channel2_IRQHandler                 0x0800015f   Thumb Code     0  startup_stm32f10x_hd.o(.text)
    DMA2_Channel3_IRQHandler                 0x0800015f   Thumb Code     0  startup_stm32f10x_hd.o(.text)
    DMA2_Channel4_5_IRQHandler               0x0800015f   Thumb Code     0  startup_stm32f10x_hd.o(.text)
    EXTI1_IRQHandler                         0x0800015f   Thumb Code     0  startup_stm32f10x_hd.o(.text)
    EXTI2_IRQHandler                         0x0800015f   Thumb Code     0  startup_stm32f10x_hd.o(.text)
    EXTI3_IRQHandler                         0x0800015f   Thumb Code     0  startup_stm32f10x_hd.o(.text)
    EXTI4_IRQHandler                         0x0800015f   Thumb Code     0  startup_stm32f10x_hd.o(.text)
    EXTI9_5_IRQHandler                       0x0800015f   Thumb Code     0  startup_stm32f10x_hd.o(.text)
    FLASH_IRQHandler                         0x0800015f   Thumb Code     0  startup_stm32f10x_hd.o(.text)
    FSMC_IRQHandler                          0x0800015f   Thumb Code     0  startup_stm32f10x_hd.o(.text)
    I2C1_ER_IRQHandler                       0x0800015f   Thumb Code     0  startup_stm32f10x_hd.o(.text)
    I2C1_EV_IRQHandler                       0x0800015f   Thumb Code     0  startup_stm32f10x_hd.o(.text)
    I2C2_ER_IRQHandler                       0x0800015f   Thumb Code     0  startup_stm32f10x_hd.o(.text)
    I2C2_EV_IRQHandler                       0x0800015f   Thumb Code     0  startup_stm32f10x_hd.o(.text)
    PVD_IRQHandler                           0x0800015f   Thumb Code     0  startup_stm32f10x_hd.o(.text)
    RCC_IRQHandler                           0x0800015f   Thumb Code     0  startup_stm32f10x_hd.o(.text)
    RTCAlarm_IRQHandler                      0x0800015f   Thumb Code     0  startup_stm32f10x_hd.o(.text)
    RTC_IRQHandler                           0x0800015f   Thumb Code     0  startup_stm32f10x_hd.o(.text)
    SDIO_IRQHandler                          0x0800015f   Thumb Code     0  startup_stm32f10x_hd.o(.text)
    SPI1_IRQHandler                          0x0800015f   Thumb Code     0  startup_stm32f10x_hd.o(.text)
    SPI2_IRQHandler                          0x0800015f   Thumb Code     0  startup_stm32f10x_hd.o(.text)
    SPI3_IRQHandler                          0x0800015f   Thumb Code     0  startup_stm32f10x_hd.o(.text)
    TAMPER_IRQHandler                        0x0800015f   Thumb Code     0  startup_stm32f10x_hd.o(.text)
    TIM1_BRK_IRQHandler                      0x0800015f   Thumb Code     0  startup_stm32f10x_hd.o(.text)
    TIM1_CC_IRQHandler                       0x0800015f   Thumb Code     0  startup_stm32f10x_hd.o(.text)
    TIM1_TRG_COM_IRQHandler                  0x0800015f   Thumb Code     0  startup_stm32f10x_hd.o(.text)
    TIM1_UP_IRQHandler                       0x0800015f   Thumb Code     0  startup_stm32f10x_hd.o(.text)
    TIM3_IRQHandler                          0x0800015f   Thumb Code     0  startup_stm32f10x_hd.o(.text)
    TIM4_IRQHandler                          0x0800015f   Thumb Code     0  startup_stm32f10x_hd.o(.text)
    TIM5_IRQHandler                          0x0800015f   Thumb Code     0  startup_stm32f10x_hd.o(.text)
    TIM6_IRQHandler                          0x0800015f   Thumb Code     0  startup_stm32f10x_hd.o(.text)
    TIM7_IRQHandler                          0x0800015f   Thumb Code     0  startup_stm32f10x_hd.o(.text)
    TIM8_BRK_IRQHandler                      0x0800015f   Thumb Code     0  startup_stm32f10x_hd.o(.text)
    TIM8_CC_IRQHandler                       0x0800015f   Thumb Code     0  startup_stm32f10x_hd.o(.text)
    TIM8_TRG_COM_IRQHandler                  0x0800015f   Thumb Code     0  startup_stm32f10x_hd.o(.text)
    TIM8_UP_IRQHandler                       0x0800015f   Thumb Code     0  startup_stm32f10x_hd.o(.text)
    UART4_IRQHandler                         0x0800015f   Thumb Code     0  startup_stm32f10x_hd.o(.text)
    UART5_IRQHandler                         0x0800015f   Thumb Code     0  startup_stm32f10x_hd.o(.text)
    USART1_IRQHandler                        0x0800015f   Thumb Code     0  startup_stm32f10x_hd.o(.text)
    USART2_IRQHandler                        0x0800015f   Thumb Code     0  startup_stm32f10x_hd.o(.text)
    USART3_IRQHandler                        0x0800015f   Thumb Code     0  startup_stm32f10x_hd.o(.text)
    USBWakeUp_IRQHandler                     0x0800015f   Thumb Code     0  startup_stm32f10x_hd.o(.text)
    USB_HP_CAN1_TX_IRQHandler                0x0800015f   Thumb Code     0  startup_stm32f10x_hd.o(.text)
    USB_LP_CAN1_RX0_IRQHandler               0x0800015f   Thumb Code     0  startup_stm32f10x_hd.o(.text)
    WWDG_IRQHandler                          0x0800015f   Thumb Code     0  startup_stm32f10x_hd.o(.text)
    __aeabi_memset                           0x08000169   Thumb Code    14  memseta.o(.text)
    __aeabi_memset4                          0x08000169   Thumb Code     0  memseta.o(.text)
    __aeabi_memset8                          0x08000169   Thumb Code     0  memseta.o(.text)
    __aeabi_memclr                           0x08000177   Thumb Code     4  memseta.o(.text)
    __aeabi_memclr4                          0x08000177   Thumb Code     0  memseta.o(.text)
    __aeabi_memclr8                          0x08000177   Thumb Code     0  memseta.o(.text)
    _memset$wrapper                          0x0800017b   Thumb Code    18  memseta.o(.text)
    strchr                                   0x0800018d   Thumb Code    20  strchr.o(.text)
    __aeabi_fmul                             0x080001a1   Thumb Code   100  fmul.o(.text)
    __aeabi_fdiv                             0x08000205   Thumb Code   124  fdiv.o(.text)
    __aeabi_ui2f                             0x08000281   Thumb Code    10  ffltui.o(.text)
    __aeabi_f2uiz                            0x0800028b   Thumb Code    40  ffixui.o(.text)
    __I$use$fp                               0x080002b3   Thumb Code     0  iusefp.o(.text)
    _float_round                             0x080002b3   Thumb Code    18  fepilogue.o(.text)
    _float_epilogue                          0x080002c5   Thumb Code    92  fepilogue.o(.text)
    __scatterload                            0x08000321   Thumb Code    28  init.o(.text)
    __scatterload_rt2                        0x08000321   Thumb Code     0  init.o(.text)
    __decompress                             0x08000345   Thumb Code     0  __dczerorl2.o(.text)
    __decompress1                            0x08000345   Thumb Code    86  __dczerorl2.o(.text)
    Action                                   0x0800039b   Thumb Code    56  control.o(i.Action)
    ClockWise                                0x080003d5   Thumb Code   174  control.o(i.ClockWise)
    Delayms                                  0x08000499   Thumb Code    30  mofang.o(i.Delayms)
    Delayus                                  0x080004b7   Thumb Code    24  control.o(i.Delayus)
    Dispaly_H                                0x080004d1   Thumb Code   752  bsp_ov7725.o(i.Dispaly_H)
    EXTI0_IRQHandler                         0x080007cd   Thumb Code    80  bsp_ov7725.o(i.EXTI0_IRQHandler)
    EXTI15_10_IRQHandler                     0x08000829   Thumb Code    86  bsp_ov7725.o(i.EXTI15_10_IRQHandler)
    EXTI_ClearITPendingBit                   0x08000889   Thumb Code     6  stm32f10x_exti.o(i.EXTI_ClearITPendingBit)
    EXTI_GenerateSWInterrupt                 0x08000895   Thumb Code    12  stm32f10x_exti.o(i.EXTI_GenerateSWInterrupt)
    EXTI_GetITStatus                         0x080008a5   Thumb Code    34  stm32f10x_exti.o(i.EXTI_GetITStatus)
    EXTI_Init                                0x080008cd   Thumb Code   142  stm32f10x_exti.o(i.EXTI_Init)
    EXTI_PC13_Config                         0x08000961   Thumb Code    34  bsp_ov7725.o(i.EXTI_PC13_Config)
    FSMC_NORSRAMCmd                          0x08000a49   Thumb Code    46  stm32f10x_fsmc.o(i.FSMC_NORSRAMCmd)
    FSMC_NORSRAMInit                         0x08000a7d   Thumb Code   230  stm32f10x_fsmc.o(i.FSMC_NORSRAMInit)
    GPIO_EXTILineConfig                      0x08000b65   Thumb Code    60  stm32f10x_gpio.o(i.GPIO_EXTILineConfig)
    GPIO_Init                                0x08000ba5   Thumb Code   278  stm32f10x_gpio.o(i.GPIO_Init)
    GPIO_ReadInputDataBit                    0x08000cbb   Thumb Code    18  stm32f10x_gpio.o(i.GPIO_ReadInputDataBit)
    GPIO_ResetBits                           0x08000ccd   Thumb Code     4  stm32f10x_gpio.o(i.GPIO_ResetBits)
    GPIO_SetBits                             0x08000cd1   Thumb Code     4  stm32f10x_gpio.o(i.GPIO_SetBits)
    ImagDisp                                 0x08000cd5   Thumb Code   310  bsp_ov7725.o(i.ImagDisp)
    LCD_DisColor                             0x08000e35   Thumb Code   114  bsp_ili9341_lcd.o(i.LCD_DisColor)
    LCD_DisNum                               0x08000ead   Thumb Code   114  bsp_ili9341_lcd.o(i.LCD_DisNum)
    LCD_DispChar                             0x08000f21   Thumb Code   102  bsp_ili9341_lcd.o(i.LCD_DispChar)
    LCD_FSMC_Config                          0x08000f91   Thumb Code    92  bsp_ili9341_lcd.o(i.LCD_FSMC_Config)
    LCD_GPIO_Config                          0x08000fed   Thumb Code   170  bsp_ili9341_lcd.o(i.LCD_GPIO_Config)
    LCD_Init                                 0x080010a5   Thumb Code    46  bsp_ili9341_lcd.o(i.LCD_Init)
    LCD_OpenWindow                           0x080010d9   Thumb Code    74  bsp_ili9341_lcd.o(i.LCD_OpenWindow)
    LCD_REG_Config                           0x08001129   Thumb Code   478  bsp_ili9341_lcd.o(i.LCD_REG_Config)
    LCD_Rst                                  0x08001311   Thumb Code    32  bsp_ili9341_lcd.o(i.LCD_Rst)
    Lcd_Delay                                0x08001339   Thumb Code    18  bsp_ili9341_lcd.o(i.Lcd_Delay)
    MidCompared                              0x0800134b   Thumb Code    18  rubik.o(i.MidCompared)
    NVIC_Init                                0x0800135d   Thumb Code   100  misc.o(i.NVIC_Init)
    NVIC_PriorityGroupConfig                 0x080013cd   Thumb Code    10  misc.o(i.NVIC_PriorityGroupConfig)
    Ov7725_GPIO_Config                       0x080013e1   Thumb Code    12  bsp_ov7725.o(i.Ov7725_GPIO_Config)
    Ov7725_Init                              0x080013ed   Thumb Code    96  bsp_ov7725.o(i.Ov7725_Init)
    RCC_AHBPeriphClockCmd                    0x08001455   Thumb Code    26  stm32f10x_rcc.o(i.RCC_AHBPeriphClockCmd)
    RCC_APB2PeriphClockCmd                   0x08001475   Thumb Code    26  stm32f10x_rcc.o(i.RCC_APB2PeriphClockCmd)
    RCC_GetClocksFreq                        0x08001495   Thumb Code   192  stm32f10x_rcc.o(i.RCC_GetClocksFreq)
    RECEIVE_Config                           0x08001569   Thumb Code    24  usart1.o(i.RECEIVE_Config)
    REG_Write                                0x08001585   Thumb Code   200  control.o(i.REG_Write)
    RGBtoHSL                                 0x08001661   Thumb Code   436  color.o(i.RGBtoHSL)
    Rubik                                    0x08001821   Thumb Code   836  rubik.o(i.Rubik)
    Rubikout                                 0x08001b65   Thumb Code   286  rubik.o(i.Rubikout)
    SCCB_GPIO_Config                         0x08001ce1   Thumb Code    38  bsp_sccb.o(i.SCCB_GPIO_Config)
    SCCB_ReadByte                            0x08001d45   Thumb Code   122  bsp_sccb.o(i.SCCB_ReadByte)
    SCCB_WriteByte                           0x08001f45   Thumb Code    64  bsp_sccb.o(i.SCCB_WriteByte)
    Send                                     0x08001f95   Thumb Code    28  usart1.o(i.Send)
    SystemInit                               0x0800209d   Thumb Code    78  system_stm32f10x.o(i.SystemInit)
    TIM2_IRQHandler                          0x080020fd   Thumb Code     2  bsp_timbase.o(i.TIM2_IRQHandler)
    USART1_Config                            0x08002101   Thumb Code   108  usart1.o(i.USART1_Config)
    USART_Cmd                                0x08002175   Thumb Code    24  stm32f10x_usart.o(i.USART_Cmd)
    USART_GetFlagStatus                      0x0800218d   Thumb Code    26  stm32f10x_usart.o(i.USART_GetFlagStatus)
    USART_ITConfig                           0x080021a7   Thumb Code    74  stm32f10x_usart.o(i.USART_ITConfig)
    USART_Init                               0x080021f1   Thumb Code   210  stm32f10x_usart.o(i.USART_Init)
    USART_SendData                           0x080022c9   Thumb Code     8  stm32f10x_usart.o(i.USART_SendData)
    VSYNC_Init                               0x0800232d   Thumb Code    20  bsp_ov7725.o(i.VSYNC_Init)
    __scatterload_copy                       0x08002387   Thumb Code    14  handlers.o(i.__scatterload_copy)
    __scatterload_null                       0x08002395   Thumb Code     2  handlers.o(i.__scatterload_null)
    __scatterload_zeroinit                   0x08002397   Thumb Code    14  handlers.o(i.__scatterload_zeroinit)
    allleft90                                0x080023a5   Thumb Code   268  mofang.o(i.allleft90)
    allright90                               0x080024b5   Thumb Code   266  mofang.o(i.allright90)
    cycle                                    0x080025c5   Thumb Code    98  rubik.o(i.cycle)
    display                                  0x0800262d   Thumb Code   374  rubik.o(i.display)
    displaystep                              0x080027a3   Thumb Code    68  main.o(i.displaystep)
    domove                                   0x080027e9   Thumb Code   102  rubik.o(i.domove)
    end                                      0x0800285d   Thumb Code   136  mofang.o(i.end)
    filltable                                0x080028e9   Thumb Code   194  rubik.o(i.filltable)
    getposition                              0x080029b5   Thumb Code   366  rubik.o(i.getposition)
    init                                     0x08002b2d   Thumb Code    32  main.o(i.init)
    left90                                   0x08002b51   Thumb Code   200  mofang.o(i.left90)
    main                                     0x08002c1d   Thumb Code   242  main.o(i.main)
    malloc                                   0x08002d25   Thumb Code    92  malloc.o(i.malloc)
    numtoperm                                0x08002d91   Thumb Code    76  rubik.o(i.numtoperm)
    outcolor                                 0x08002ddd   Thumb Code   106  color.o(i.outcolor)
    permtonum                                0x08002e47   Thumb Code    50  rubik.o(i.permtonum)
    reset                                    0x08002e79   Thumb Code    26  rubik.o(i.reset)
    right90                                  0x08002e9d   Thumb Code   188  mofang.o(i.right90)
    rubikStep                                0x08002f5d   Thumb Code   434  mofang.o(i.rubikStep)
    searchphase                              0x08003111   Thumb Code   184  rubik.o(i.searchphase)
    setposition                              0x080031d9   Thumb Code   306  rubik.o(i.setposition)
    start                                    0x08003331   Thumb Code   164  mofang.o(i.start)
    turn180                                  0x080033d9   Thumb Code   198  mofang.o(i.turn180)
    twist                                    0x080034a5   Thumb Code    30  rubik.o(i.twist)
    asc2_1206                                0x080034cc   Data        1140  bsp_ili9341_lcd.o(.constdata)
    Region$$Table$$Base                      0x080039ac   Number         0  anon$$obj.o(Region$$Table)
    Region$$Table$$Limit                     0x080039cc   Number         0  anon$$obj.o(Region$$Table)
    area                                     0x20000000   Data          10  bsp_ov7725.o(.data)
    page                                     0x2000000a   Data           1  bsp_ov7725.o(.data)
    HR                                       0x2000000b   Data           1  bsp_ov7725.o(.data)
    HL                                       0x2000000c   Data           1  bsp_ov7725.o(.data)
    VU                                       0x2000000d   Data           1  bsp_ov7725.o(.data)
    VD                                       0x2000000e   Data           1  bsp_ov7725.o(.data)
    Radius                                   0x20000010   Data           2  bsp_ov7725.o(.data)
    Judgerubik                               0x20000012   Data           1  bsp_ov7725.o(.data)
    n                                        0x20000013   Data           1  bsp_ov7725.o(.data)
    flag2                                    0x20000014   Data           1  bsp_ov7725.o(.data)
    Sensor_Config                            0x20000015   Data         154  bsp_ov7725.o(.data)
    OV7725_REG_NUM                           0x200000af   Data           1  bsp_ov7725.o(.data)
    Ov7725_vsync                             0x200000b0   Data           1  bsp_ov7725.o(.data)
    faces                                    0x200000b4   Data           4  rubik.o(.data)
    order                                    0x200000b8   Data           4  rubik.o(.data)
    bithash                                  0x200000bc   Data           4  rubik.o(.data)
    perm                                     0x200000c0   Data           4  rubik.o(.data)
    TEMP                                     0x200000c4   Data           1  rubik.o(.data)
    phase                                    0x200000c8   Data           4  rubik.o(.data)
    tablesize                                0x200000cc   Data          32  rubik.o(.data)
    Sum                                      0x200000ec   Data           1  control.o(.data)
    speed_L                                  0x200000ed   Data           1  control.o(.data)
    speed_H                                  0x200000ee   Data           1  control.o(.data)
    angle_L                                  0x200000ef   Data           1  control.o(.data)
    angle_H                                  0x200000f0   Data           1  control.o(.data)
    number                                   0x200000f4   Data          96  mofang.o(.data)
    __microlib_freelist                      0x20000168   Data           4  mvars.o(.data)
    __microlib_freelist_initialised          0x2000016c   Data           4  mvars.o(.data)
    MidColorData                             0x20000170   Data          18  bsp_ov7725.o(.bss)
    hsl_l                                    0x20000182   Data          72  bsp_ov7725.o(.bss)
    Mid                                      0x200001ca   Data          36  bsp_ov7725.o(.bss)
    HorizontalL                              0x200001ee   Data         120  bsp_ov7725.o(.bss)
    HorizontalR                              0x20000266   Data         120  bsp_ov7725.o(.bss)
    VerticalU                                0x200002de   Data         120  bsp_ov7725.o(.bss)
    VerticalD                                0x20000356   Data         120  bsp_ov7725.o(.bss)
    pos                                      0x200003d0   Data          20  rubik.o(.bss)
    ori                                      0x200003e4   Data          20  rubik.o(.bss)
    val                                      0x200003f8   Data          20  rubik.o(.bss)
    tables                                   0x2000040c   Data          32  rubik.o(.bss)
    move1                                    0x2000042c   Data          80  rubik.o(.bss)
    moveamount                               0x2000047c   Data          80  rubik.o(.bss)
    __heap_base                              0x200004d0   Data           0  startup_stm32f10x_hd.o(HEAP)
    __heap_limit                             0x200086d0   Data           0  startup_stm32f10x_hd.o(HEAP)
    __initial_sp                             0x20008ad0   Data           0  startup_stm32f10x_hd.o(STACK)



==============================================================================

Memory Map of the image

  Image Entry point : 0x08000131

  Load Region LR_IROM1 (Base: 0x08000000, Size: 0x00003b3c, Max: 0x00080000, ABSOLUTE, COMPRESSED[0x00003ae8])

    Execution Region ER_IROM1 (Base: 0x08000000, Size: 0x000039cc, Max: 0x00080000, ABSOLUTE)

    Base Addr    Size         Type   Attr      Idx    E Section Name        Object

    0x08000000   0x00000130   Data   RO         2440    RESET               startup_stm32f10x_hd.o
    0x08000130   0x00000000   Code   RO         2491  * .ARM.Collect$$$$00000000  mc_w.l(entry.o)
    0x08000130   0x00000004   Code   RO         2534    .ARM.Collect$$$$00000001  mc_w.l(entry2.o)
    0x08000134   0x00000004   Code   RO         2537    .ARM.Collect$$$$00000004  mc_w.l(entry5.o)
    0x08000138   0x00000000   Code   RO         2539    .ARM.Collect$$$$00000008  mc_w.l(entry7b.o)
    0x08000138   0x00000000   Code   RO         2541    .ARM.Collect$$$$0000000A  mc_w.l(entry8b.o)
    0x08000138   0x00000008   Code   RO         2542    .ARM.Collect$$$$0000000B  mc_w.l(entry9a.o)
    0x08000140   0x00000000   Code   RO         2544    .ARM.Collect$$$$0000000D  mc_w.l(entry10a.o)
    0x08000140   0x00000000   Code   RO         2546    .ARM.Collect$$$$0000000F  mc_w.l(entry11a.o)
    0x08000140   0x00000004   Code   RO         2535    .ARM.Collect$$$$00002712  mc_w.l(entry2.o)
    0x08000144   0x00000024   Code   RO         2441    .text               startup_stm32f10x_hd.o
    0x08000168   0x00000024   Code   RO         2494    .text               mc_w.l(memseta.o)
    0x0800018c   0x00000014   Code   RO         2496    .text               mc_w.l(strchr.o)
    0x080001a0   0x00000064   Code   RO         2526    .text               mf_w.l(fmul.o)
    0x08000204   0x0000007c   Code   RO         2528    .text               mf_w.l(fdiv.o)
    0x08000280   0x0000000a   Code   RO         2530    .text               mf_w.l(ffltui.o)
    0x0800028a   0x00000028   Code   RO         2532    .text               mf_w.l(ffixui.o)
    0x080002b2   0x00000000   Code   RO         2554    .text               mc_w.l(iusefp.o)
    0x080002b2   0x0000006e   Code   RO         2555    .text               mf_w.l(fepilogue.o)
    0x08000320   0x00000024   Code   RO         2557    .text               mc_w.l(init.o)
    0x08000344   0x00000056   Code   RO         2567    .text               mc_w.l(__dczerorl2.o)
    0x0800039a   0x00000038   Code   RO          601    i.Action            control.o
    0x080003d2   0x00000002   PAD
    0x080003d4   0x000000c4   Code   RO          604    i.ClockWise         control.o
    0x08000498   0x0000001e   Code   RO          690    i.Delayms           mofang.o
    0x080004b6   0x00000018   Code   RO          605    i.Delayus           control.o
    0x080004ce   0x00000002   PAD
    0x080004d0   0x000002fc   Code   RO          139    i.Dispaly_H         bsp_ov7725.o
    0x080007cc   0x0000005c   Code   RO          140    i.EXTI0_IRQHandler  bsp_ov7725.o
    0x08000828   0x00000060   Code   RO          141    i.EXTI15_10_IRQHandler  bsp_ov7725.o
    0x08000888   0x0000000c   Code   RO          968    i.EXTI_ClearITPendingBit  stm32f10x_exti.o
    0x08000894   0x00000010   Code   RO          970    i.EXTI_GenerateSWInterrupt  stm32f10x_exti.o
    0x080008a4   0x00000028   Code   RO          972    i.EXTI_GetITStatus  stm32f10x_exti.o
    0x080008cc   0x00000094   Code   RO          973    i.EXTI_Init         stm32f10x_exti.o
    0x08000960   0x00000022   Code   RO          142    i.EXTI_PC13_Config  bsp_ov7725.o
    0x08000982   0x00000002   PAD
    0x08000984   0x000000c4   Code   RO          143    i.FIFO_GPIO_Config  bsp_ov7725.o
    0x08000a48   0x00000034   Code   RO         1230    i.FSMC_NORSRAMCmd   stm32f10x_fsmc.o
    0x08000a7c   0x000000e6   Code   RO         1232    i.FSMC_NORSRAMInit  stm32f10x_fsmc.o
    0x08000b62   0x00000002   PAD
    0x08000b64   0x00000040   Code   RO         1354    i.GPIO_EXTILineConfig  stm32f10x_gpio.o
    0x08000ba4   0x00000116   Code   RO         1357    i.GPIO_Init         stm32f10x_gpio.o
    0x08000cba   0x00000012   Code   RO         1361    i.GPIO_ReadInputDataBit  stm32f10x_gpio.o
    0x08000ccc   0x00000004   Code   RO         1364    i.GPIO_ResetBits    stm32f10x_gpio.o
    0x08000cd0   0x00000004   Code   RO         1365    i.GPIO_SetBits      stm32f10x_gpio.o
    0x08000cd4   0x00000160   Code   RO          144    i.ImagDisp          bsp_ov7725.o
    0x08000e34   0x00000078   Code   RO          251    i.LCD_DisColor      bsp_ili9341_lcd.o
    0x08000eac   0x00000072   Code   RO          252    i.LCD_DisNum        bsp_ili9341_lcd.o
    0x08000f1e   0x00000002   PAD
    0x08000f20   0x00000070   Code   RO          253    i.LCD_DispChar      bsp_ili9341_lcd.o
    0x08000f90   0x0000005c   Code   RO          255    i.LCD_FSMC_Config   bsp_ili9341_lcd.o
    0x08000fec   0x000000b8   Code   RO          256    i.LCD_GPIO_Config   bsp_ili9341_lcd.o
    0x080010a4   0x00000034   Code   RO          258    i.LCD_Init          bsp_ili9341_lcd.o
    0x080010d8   0x00000050   Code   RO          259    i.LCD_OpenWindow    bsp_ili9341_lcd.o
    0x08001128   0x000001e8   Code   RO          261    i.LCD_REG_Config    bsp_ili9341_lcd.o
    0x08001310   0x00000028   Code   RO          262    i.LCD_Rst           bsp_ili9341_lcd.o
    0x08001338   0x00000012   Code   RO          265    i.Lcd_Delay         bsp_ili9341_lcd.o
    0x0800134a   0x00000012   Code   RO          494    i.MidCompared       rubik.o
    0x0800135c   0x00000070   Code   RO          835    i.NVIC_Init         misc.o
    0x080013cc   0x00000014   Code   RO          836    i.NVIC_PriorityGroupConfig  misc.o
    0x080013e0   0x0000000c   Code   RO          145    i.Ov7725_GPIO_Config  bsp_ov7725.o
    0x080013ec   0x00000068   Code   RO          146    i.Ov7725_Init       bsp_ov7725.o
    0x08001454   0x00000020   Code   RO         1478    i.RCC_AHBPeriphClockCmd  stm32f10x_rcc.o
    0x08001474   0x00000020   Code   RO         1481    i.RCC_APB2PeriphClockCmd  stm32f10x_rcc.o
    0x08001494   0x000000d4   Code   RO         1489    i.RCC_GetClocksFreq  stm32f10x_rcc.o
    0x08001568   0x0000001c   Code   RO          799    i.RECEIVE_Config    usart1.o
    0x08001584   0x000000dc   Code   RO          609    i.REG_Write         control.o
    0x08001660   0x000001c0   Code   RO          371    i.RGBtoHSL          color.o
    0x08001820   0x00000344   Code   RO          495    i.Rubik             rubik.o
    0x08001b64   0x00000144   Code   RO          496    i.Rubikout          rubik.o
    0x08001ca8   0x00000038   Code   RO            4    i.SCCB_Ack          bsp_sccb.o
    0x08001ce0   0x0000002c   Code   RO            5    i.SCCB_GPIO_Config  bsp_sccb.o
    0x08001d0c   0x00000038   Code   RO            6    i.SCCB_NoAck        bsp_sccb.o
    0x08001d44   0x0000007a   Code   RO            7    i.SCCB_ReadByte     bsp_sccb.o
    0x08001dbe   0x00000002   PAD
    0x08001dc0   0x00000054   Code   RO            8    i.SCCB_ReceiveByte  bsp_sccb.o
    0x08001e14   0x00000058   Code   RO            9    i.SCCB_SendByte     bsp_sccb.o
    0x08001e6c   0x00000054   Code   RO           10    i.SCCB_Start        bsp_sccb.o
    0x08001ec0   0x00000038   Code   RO           11    i.SCCB_Stop         bsp_sccb.o
    0x08001ef8   0x0000004c   Code   RO           12    i.SCCB_WaitAck      bsp_sccb.o
    0x08001f44   0x00000040   Code   RO           13    i.SCCB_WriteByte    bsp_sccb.o
    0x08001f84   0x00000010   Code   RO           14    i.SCCB_delay        bsp_sccb.o
    0x08001f94   0x00000020   Code   RO          800    i.Send              usart1.o
    0x08001fb4   0x00000008   Code   RO         2448    i.SetSysClock       system_stm32f10x.o
    0x08001fbc   0x000000e0   Code   RO         2449    i.SetSysClockTo72   system_stm32f10x.o
    0x0800209c   0x00000060   Code   RO         2451    i.SystemInit        system_stm32f10x.o
    0x080020fc   0x00000002   Code   RO          407    i.TIM2_IRQHandler   bsp_timbase.o
    0x080020fe   0x00000002   PAD
    0x08002100   0x00000074   Code   RO          801    i.USART1_Config     usart1.o
    0x08002174   0x00000018   Code   RO         2253    i.USART_Cmd         stm32f10x_usart.o
    0x0800218c   0x0000001a   Code   RO         2256    i.USART_GetFlagStatus  stm32f10x_usart.o
    0x080021a6   0x0000004a   Code   RO         2259    i.USART_ITConfig    stm32f10x_usart.o
    0x080021f0   0x000000d8   Code   RO         2260    i.USART_Init        stm32f10x_usart.o
    0x080022c8   0x00000008   Code   RO         2270    i.USART_SendData    stm32f10x_usart.o
    0x080022d0   0x0000002e   Code   RO          147    i.VSYNC_EXTI_Configuration  bsp_ov7725.o
    0x080022fe   0x00000002   PAD
    0x08002300   0x0000002c   Code   RO          148    i.VSYNC_GPIO_Configuration  bsp_ov7725.o
    0x0800232c   0x00000014   Code   RO          149    i.VSYNC_Init        bsp_ov7725.o
    0x08002340   0x00000046   Code   RO          150    i.VSYNC_NVIC_Configuration  bsp_ov7725.o
    0x08002386   0x0000000e   Code   RO         2561    i.__scatterload_copy  mc_w.l(handlers.o)
    0x08002394   0x00000002   Code   RO         2562    i.__scatterload_null  mc_w.l(handlers.o)
    0x08002396   0x0000000e   Code   RO         2563    i.__scatterload_zeroinit  mc_w.l(handlers.o)
    0x080023a4   0x00000110   Code   RO          695    i.allleft90         mofang.o
    0x080024b4   0x00000110   Code   RO          696    i.allright90        mofang.o
    0x080025c4   0x00000068   Code   RO          497    i.cycle             rubik.o
    0x0800262c   0x00000176   Code   RO          498    i.display           rubik.o
    0x080027a2   0x00000044   Code   RO          448    i.displaystep       main.o
    0x080027e6   0x00000002   PAD
    0x080027e8   0x00000074   Code   RO          499    i.domove            rubik.o
    0x0800285c   0x0000008c   Code   RO          697    i.end               mofang.o
    0x080028e8   0x000000cc   Code   RO          500    i.filltable         rubik.o
    0x080029b4   0x00000178   Code   RO          501    i.getposition       rubik.o
    0x08002b2c   0x00000024   Code   RO          449    i.init              main.o
    0x08002b50   0x000000cc   Code   RO          698    i.left90            mofang.o
    0x08002c1c   0x00000108   Code   RO          450    i.main              main.o
    0x08002d24   0x0000006c   Code   RO         2499    i.malloc            mc_w.l(malloc.o)
    0x08002d90   0x0000004c   Code   RO          502    i.numtoperm         rubik.o
    0x08002ddc   0x0000006a   Code   RO          372    i.outcolor          color.o
    0x08002e46   0x00000032   Code   RO          503    i.permtonum         rubik.o
    0x08002e78   0x00000024   Code   RO          504    i.reset             rubik.o
    0x08002e9c   0x000000c0   Code   RO          699    i.right90           mofang.o
    0x08002f5c   0x000001b2   Code   RO          700    i.rubikStep         mofang.o
    0x0800310e   0x00000002   PAD
    0x08003110   0x000000c8   Code   RO          505    i.searchphase       rubik.o
    0x080031d8   0x00000158   Code   RO          506    i.setposition       rubik.o
    0x08003330   0x000000a8   Code   RO          701    i.start             mofang.o
    0x080033d8   0x000000cc   Code   RO          702    i.turn180           mofang.o
    0x080034a4   0x00000028   Code   RO          507    i.twist             rubik.o
    0x080034cc   0x00000474   Data   RO          266    .constdata          bsp_ili9341_lcd.o
    0x08003940   0x00000069   Data   RO          509    .conststring        rubik.o
    0x080039a9   0x00000003   PAD
    0x080039ac   0x00000020   Data   RO         2559    Region$$Table       anon$$obj.o


    Execution Region RW_IRAM1 (Base: 0x20000000, Size: 0x00008ad0, Max: 0x00010000, ABSOLUTE, COMPRESSED[0x0000011c])

    Base Addr    Size         Type   Attr      Idx    E Section Name        Object

    0x20000000   0x000000b1   Data   RW          152    .data               bsp_ov7725.o
    0x200000b1   0x00000003   PAD
    0x200000b4   0x00000038   Data   RW          510    .data               rubik.o
    0x200000ec   0x00000005   Data   RW          612    .data               control.o
    0x200000f1   0x00000003   PAD
    0x200000f4   0x00000060   Data   RW          703    .data               mofang.o
    0x20000154   0x00000014   Data   RW         1509    .data               stm32f10x_rcc.o
    0x20000168   0x00000004   Data   RW         2552    .data               mc_w.l(mvars.o)
    0x2000016c   0x00000004   Data   RW         2553    .data               mc_w.l(mvars.o)
    0x20000170   0x0000025e   Zero   RW          151    .bss                bsp_ov7725.o
    0x200003ce   0x00000002   PAD
    0x200003d0   0x000000fc   Zero   RW          508    .bss                rubik.o
    0x200004cc   0x00000004   PAD
    0x200004d0   0x00008200   Zero   RW         2439    HEAP                startup_stm32f10x_hd.o
    0x200086d0   0x00000400   Zero   RW         2438    STACK               startup_stm32f10x_hd.o


==============================================================================

Image component sizes


      Code (inc. data)   RO Data    RW Data    ZI Data      Debug   Object Name

      1300         68       1140          0          0       6738   bsp_ili9341_lcd.o
      1830        108          0        177        606       8163   bsp_ov7725.o
       746         36          0          0          0     248712   bsp_sccb.o
         2          0          0          0          0        398   bsp_timbase.o
       554         12          0          0          0       1750   color.o
       496         42          0          5          0       2469   control.o
       368         26          0          0          0       1524   main.o
       132         22          0          0          0       1667   misc.o
      1916         32          0         96          0       5155   mofang.o
      3098        198        105         56        252       9930   rubik.o
        36          8        304          0      34304        784   startup_stm32f10x_hd.o
       216         22          0          0          0       2807   stm32f10x_exti.o
       282          6          0          0          0       1945   stm32f10x_fsmc.o
       368          4          0          0          0       4466   stm32f10x_gpio.o
       276         32          0         20          0       4577   stm32f10x_rcc.o
       348          6          0          0          0       5037   stm32f10x_usart.o
       328         28          0          0          0       1865   system_stm32f10x.o
       176         16          0          0          0       1460   usart1.o

    ----------------------------------------------------------------------
     12492        666       1584        360      35168     309447   Object Totals
         0          0         32          0          0          0   (incl. Generated)
        20          0          3          6          6          0   (incl. Padding)

    ----------------------------------------------------------------------

      Code (inc. data)   RO Data    RW Data    ZI Data      Debug   Library Member Name

        86          0          0          0          0          0   __dczerorl2.o
         0          0          0          0          0          0   entry.o
         0          0          0          0          0          0   entry10a.o
         0          0          0          0          0          0   entry11a.o
         8          4          0          0          0          0   entry2.o
         4          0          0          0          0          0   entry5.o
         0          0          0          0          0          0   entry7b.o
         0          0          0          0          0          0   entry8b.o
         8          4          0          0          0          0   entry9a.o
        30          0          0          0          0          0   handlers.o
        36          8          0          0          0         68   init.o
         0          0          0          0          0          0   iusefp.o
       108         16          0          0          0         84   malloc.o
        36          0          0          0          0        108   memseta.o
         0          0          0          8          0          0   mvars.o
        20          0          0          0          0         68   strchr.o
       124          0          0          0          0         88   fdiv.o
       110          0          0          0          0        168   fepilogue.o
        40          0          0          0          0         68   ffixui.o
        10          0          0          0          0         68   ffltui.o
       100          0          0          0          0         76   fmul.o

    ----------------------------------------------------------------------
       720         32          0          8          0        796   Library Totals
         0          0          0          0          0          0   (incl. Padding)

    ----------------------------------------------------------------------

      Code (inc. data)   RO Data    RW Data    ZI Data      Debug   Library Name

       336         32          0          8          0        328   mc_w.l
       384          0          0          0          0        468   mf_w.l

    ----------------------------------------------------------------------
       720         32          0          8          0        796   Library Totals

    ----------------------------------------------------------------------

==============================================================================


      Code (inc. data)   RO Data    RW Data    ZI Data      Debug   

     13212        698       1584        368      35168     305639   Grand Totals
     13212        698       1584        284      35168     305639   ELF Image Totals (compressed)
     13212        698       1584        284          0          0   ROM Totals

==============================================================================

    Total RO  Size (Code + RO Data)                14796 (  14.45kB)
    Total RW  Size (RW Data + ZI Data)             35536 (  34.70kB)
    Total ROM Size (Code + RO Data + RW Data)      15080 (  14.73kB)

==============================================================================

